freertos.c:122:6:HAL_GPIO_EXTI_Callback	16	static
freertos.c:407:6:MX_FREERTOS_Init	8	static
freertos.c:496:6:task_ros2_function	376	dynamic
freertos.c:695:7:hex2float	24	static
freertos.c:718:6:digital_inputs_task	24	static
freertos.c:784:6:analog_input_task	16	static
freertos.c:837:6:_teste_stepper_	8	static
freertos.c:847:6:automatic_manual_mode_Task	24	static
freertos.c:977:6:task_stepper_function	24	static
freertos.c:1031:6:operation_mode_callback	24	static
freertos.c:1042:6:cmd_vel_callback	32	static
freertos.c:1063:6:golfinho_imu_timer_callback	56	static
freertos.c:1101:6:odom_callback	56	static
freertos.c:1161:6:golfinho_joint_steering_timer_callback	56	static
freertos.c:1197:6:golfinho_motion_status_gps_timer_callback	40	static
freertos.c:1279:6:ADC_select_channel_break	24	static
freertos.c:1292:6:ADC_select_channel_Throttle	24	static
freertos.c:1305:6:ADC_select_channel_batery_car	24	static
freertos.c:1318:6:ADC_select_channel_system_batery	24	static
freertos.c:1339:6:HAL_CAN_RxFifo0MsgPendingCallback	16	static
freertos.c:1362:6:HAL_TIM_PeriodElapsedCallback	24	static
freertos.c:1387:6:signal_pos_stepper	16	static
freertos.c:1393:6:change_period	32	static
freertos.c:1437:6:HAL_TIM_PWM_PulseFinishedCallback	16	static
