freertos.c:240:6:MX_FREERTOS_Init	8	static
freertos.c:294:6:task_ros2_function	352	dynamic
freertos.c:519:6:digital_inputs_task	24	static
freertos.c:558:6:analog_input_task	16	static
freertos.c:601:6:automatic_manual_mode_Task	16	static
freertos.c:701:6:golfinho_check_status_timer_callback	32	static
freertos.c:725:6:golfinho_motion_info_timer_callback	40	static
freertos.c:765:6:receive_commands_from_ros_callback	24	static
freertos.c:785:6:golfinho_imu_timer_callback	56	static
freertos.c:814:6:golfinho_gps_timer_callback	56	static
freertos.c:842:6:golfinho_joint_steering_timer_callback	56	static
freertos.c:878:6:ADC_select_channel_break	24	static
freertos.c:892:6:ADC_select_channel_Throttle	24	static
freertos.c:905:6:ADC_select_channel_batery_car	24	static
freertos.c:918:6:ADC_select_channel_system_batery	24	static
