freertos.c:308:6:MX_FREERTOS_Init	8	static
freertos.c:394:6:task_ros2_function	368	dynamic
freertos.c:589:6:digital_inputs_task	24	static
freertos.c:633:6:analog_input_task	16	static
freertos.c:676:6:automatic_manual_mode_Task	16	static
freertos.c:772:6:task_stepper_function	24	static
freertos.c:814:6:Imu_gps_steer_function	16	static
freertos.c:833:6:cmd_vel_callback	24	static
freertos.c:857:6:operation_mode_callback	24	static
freertos.c:867:6:golfinho_imu_timer_callback	56	static
freertos.c:906:6:golfinho_gps_timer_callback	56	static
freertos.c:939:6:odom_callback	56	static
freertos.c:970:6:golfinho_check_status_timer_callback	32	static
freertos.c:994:6:golfinho_motion_info_timer_callback	40	static
freertos.c:1042:6:ADC_select_channel_break	24	static
freertos.c:1056:6:ADC_select_channel_Throttle	24	static
freertos.c:1069:6:ADC_select_channel_batery_car	24	static
freertos.c:1082:6:ADC_select_channel_system_batery	24	static
freertos.c:1095:6:HAL_CAN_RxFifo0MsgPendingCallback	16	static
freertos.c:1111:6:HAL_TIM_PeriodElapsedCallback	24	static
freertos.c:1133:6:signal_pos_stepper	16	static
freertos.c:1140:6:change_period	32	static
freertos.c:1179:6:HAL_TIM_PWM_PulseFinishedCallback	16	static
