freertos.c:250:6:MX_FREERTOS_Init	8	static
freertos.c:328:6:task_ros2_function	360	dynamic
freertos.c:548:6:digital_inputs_task	24	static
freertos.c:590:6:analog_input_task	16	static
freertos.c:633:6:automatic_manual_mode_Task	16	static
freertos.c:733:6:golfinho_check_status_timer_callback	32	static
freertos.c:757:6:golfinho_motion_info_timer_callback	40	static
freertos.c:800:6:receive_commands_from_ros_callback	24	static
freertos.c:820:6:golfinho_imu_timer_callback	56	static
freertos.c:849:6:golfinho_gps_timer_callback	56	static
freertos.c:878:6:golfinho_joint_steering_timer_callback	56	static
freertos.c:912:6:ADC_select_channel_break	24	static
freertos.c:926:6:ADC_select_channel_Throttle	24	static
freertos.c:939:6:ADC_select_channel_batery_car	24	static
freertos.c:952:6:ADC_select_channel_system_batery	24	static
freertos.c:965:6:HAL_CAN_RxFifo0MsgPendingCallback	16	static
