13:38:55 **** Incremental Build of configuration Debug for project data_velocity ****
make -j8 all 
docker run --rm -v "/home/robsic/STM32CubeIDE/data_aquisition_cart_golf/data_velocity":/project --env MICROROS_LIBRARY_FOLDER=micro_ros_stm32cubemx_utils/microros_static_library_ide microros/micro_ros_static_library_builder:foxy
micro-ROS library found. Skipping...
Delete micro_ros_stm32cubemx_utils/microros_static_library_ide/libmicroros/ for rebuild.
 
arm-none-eabi-size   data_velocity.elf 
   text	   data	    bss	    dec	    hex	filename
 121860	    852	  61704	 184416	  2d060	data_velocity.elf
Finished building: default.size.stdout
 

13:38:56 Build Finished. 0 errors, 0 warnings. (took 769ms)

