12:51:05 **** Incremental Build of configuration Debug for project learning_uROS ****
make -j8 all 
docker run --rm -v "/home/robotica8/STM32CubeIDE/workspace_1.8.0/learning_uROS":/project --env MICROROS_LIBRARY_FOLDER=micro_ros_stm32cubemx_utils/microros_static_library_ide microros/micro_ros_static_library_builder:foxy
micro-ROS library found. Skipping...
Delete micro_ros_stm32cubemx_utils/microros_static_library_ide/libmicroros/ for rebuild.
 
arm-none-eabi-gcc "../Core/Src/freertos.c" -mcpu=cortex-m3 -std=gnu11 -g3 -DDEBUG -DUSE_HAL_DRIVER -DSTM32F103xE -c -I../Core/Inc -I"/home/robotica8/STM32CubeIDE/workspace_1.8.0/learning_uROS/Debug/../micro_ros_stm32cubemx_utils/microros_static_library_ide/libmicroros/include" -I../Drivers/STM32F1xx_HAL_Driver/Inc -I../Drivers/STM32F1xx_HAL_Driver/Inc/Legacy -I../Drivers/CMSIS/Device/ST/STM32F1xx/Include -I../Drivers/CMSIS/Include -I../Middlewares/Third_Party/FreeRTOS/Source/include -I../Middlewares/Third_Party/FreeRTOS/Source/CMSIS_RTOS_V2 -I../Middlewares/Third_Party/FreeRTOS/Source/portable/GCC/ARM_CM3 -O0 -ffunction-sections -fdata-sections -Wall -fstack-usage -MMD -MP -MF"Core/Src/freertos.d" -MT"Core/Src/freertos.o" --specs=nano.specs -mfloat-abi=soft -mthumb -o "Core/Src/freertos.o"
../Core/Src/freertos.c: In function 'task_ros2_function':
../Core/Src/freertos.c:403:52: warning: assignment to 'float *' from incompatible pointer type 'uint16_t *' {aka 'short unsigned int *'} [-Wincompatible-pointer-types]
  403 |     golfinho_motion_info_gpio_output_msg.data.data = (uint16_t*) pvPortMalloc(golfinho_motion_info_gpio_output_msg.data.capacity * sizeof(uint16_t));
      |                                                    ^
../Core/Src/freertos.c: In function 'golfinho_motion_info_timer_callback':
../Core/Src/freertos.c:735:8: warning: this 'else' clause does not guard... [-Wmisleading-indentation]
  735 |        else
      |        ^~~~
../Core/Src/freertos.c:738:5: note: ...this statement, but the latter is misleadingly indented as if it were guarded by the 'else'
  738 |     golfinho_motion_info_gpio_output_msg.data.data[4]=analog_data_input_manual[4]*100/4096; // batery car
      |     ^~~~~~~~~~~~~~~~~~~~~~~~~~~~~~~~~~~~
../Core/Src/freertos.c: In function 'golfinho_imu_timer_callback':
../Core/Src/freertos.c:784:3: warning: implicit declaration of function 'clock_gettime' [-Wimplicit-function-declaration]
  784 |   clock_gettime(CLOCK_REALTIME, &ts);
      |   ^~~~~~~~~~~~~
../Core/Src/freertos.c: In function 'golfinho_joint_steering_timer_callback':
../Core/Src/freertos.c:831:21: warning: unused variable 'data2' [-Wunused-variable]
  831 |  double data0,data1,data2;
      |                     ^~~~~
../Core/Src/freertos.c:831:15: warning: unused variable 'data1' [-Wunused-variable]
  831 |  double data0,data1,data2;
      |               ^~~~~
../Core/Src/freertos.c:831:9: warning: unused variable 'data0' [-Wunused-variable]
  831 |  double data0,data1,data2;
      |         ^~~~~
../Core/Src/freertos.c: In function 'task_ros2_function':
../Core/Src/freertos.c:324:4: warning: ignoring return value of 'rcl_init_options_init', declared with attribute warn_unused_result [-Wunused-result]
  324 |    rcl_init_options_init(&init_options, allocator);
      |    ^~~~~~~~~~~~~~~~~~~~~~~~~~~~~~~~~~~~~~~~~~~~~~~
arm-none-eabi-gcc -o "learning_uROS.elf" @"objects.list"  -lmicroros -mcpu=cortex-m3 -T"/home/robotica8/STM32CubeIDE/workspace_1.8.0/learning_uROS/STM32F103RETX_FLASH.ld" --specs=nosys.specs -Wl,-Map="learning_uROS.map" -Wl,--gc-sections -static -L"/home/robotica8/STM32CubeIDE/workspace_1.8.0/learning_uROS/Debug/../micro_ros_stm32cubemx_utils/microros_static_library_ide/libmicroros" --specs=nano.specs -mfloat-abi=soft -mthumb -Wl,--start-group -lc -lm -Wl,--end-group
Finished building target: learning_uROS.elf
 
arm-none-eabi-size   learning_uROS.elf 
arm-none-eabi-objdump -h -S  learning_uROS.elf  > "learning_uROS.list"
arm-none-eabi-objcopy  -O binary  learning_uROS.elf  "learning_uROS.bin"
   text	   data	    bss	    dec	    hex	filename
 107304	    704	  59272	 167280	  28d70	learning_uROS.elf
Finished building: default.size.stdout
 
Finished building: learning_uROS.bin
 
Finished building: learning_uROS.list
 
12:51:18 **** Incremental Build of configuration Debug for project learning_uROS ****
make -j8 all 
docker run --rm -v "/home/robotica8/STM32CubeIDE/workspace_1.8.0/learning_uROS":/project --env MICROROS_LIBRARY_FOLDER=micro_ros_stm32cubemx_utils/microros_static_library_ide microros/micro_ros_static_library_builder:foxy
micro-ROS library found. Skipping...
Delete micro_ros_stm32cubemx_utils/microros_static_library_ide/libmicroros/ for rebuild.
 
arm-none-eabi-size   learning_uROS.elf 
   text	   data	    bss	    dec	    hex	filename
 107304	    704	  59272	 167280	  28d70	learning_uROS.elf
Finished building: default.size.stdout
 
14:03:51 **** Incremental Build of configuration Debug for project learning_uROS ****
make -j8 all 
docker run --rm -v "/home/robotica8/STM32CubeIDE/workspace_1.8.0/learning_uROS":/project --env MICROROS_LIBRARY_FOLDER=micro_ros_stm32cubemx_utils/microros_static_library_ide microros/micro_ros_static_library_builder:foxy
micro-ROS library found. Skipping...
Delete micro_ros_stm32cubemx_utils/microros_static_library_ide/libmicroros/ for rebuild.
 
arm-none-eabi-gcc "../Core/Src/freertos.c" -mcpu=cortex-m3 -std=gnu11 -g3 -DDEBUG -DUSE_HAL_DRIVER -DSTM32F103xE -c -I../Core/Inc -I"/home/robotica8/STM32CubeIDE/workspace_1.8.0/learning_uROS/Debug/../micro_ros_stm32cubemx_utils/microros_static_library_ide/libmicroros/include" -I../Drivers/STM32F1xx_HAL_Driver/Inc -I../Drivers/STM32F1xx_HAL_Driver/Inc/Legacy -I../Drivers/CMSIS/Device/ST/STM32F1xx/Include -I../Drivers/CMSIS/Include -I../Middlewares/Third_Party/FreeRTOS/Source/include -I../Middlewares/Third_Party/FreeRTOS/Source/CMSIS_RTOS_V2 -I../Middlewares/Third_Party/FreeRTOS/Source/portable/GCC/ARM_CM3 -O0 -ffunction-sections -fdata-sections -Wall -fstack-usage -MMD -MP -MF"Core/Src/freertos.d" -MT"Core/Src/freertos.o" --specs=nano.specs -mfloat-abi=soft -mthumb -o "Core/Src/freertos.o"
../Core/Src/freertos.c: In function 'task_ros2_function':
../Core/Src/freertos.c:402:52: warning: assignment to 'float *' from incompatible pointer type 'uint16_t *' {aka 'short unsigned int *'} [-Wincompatible-pointer-types]
  402 |     golfinho_motion_info_gpio_output_msg.data.data = (uint16_t*) pvPortMalloc(golfinho_motion_info_gpio_output_msg.data.capacity * sizeof(uint16_t));
      |                                                    ^
../Core/Src/freertos.c: In function 'golfinho_motion_info_timer_callback':
../Core/Src/freertos.c:734:8: warning: this 'else' clause does not guard... [-Wmisleading-indentation]
  734 |        else
      |        ^~~~
../Core/Src/freertos.c:737:5: note: ...this statement, but the latter is misleadingly indented as if it were guarded by the 'else'
  737 |     golfinho_motion_info_gpio_output_msg.data.data[4]=analog_data_input_manual[4]*100/4096; // batery car
      |     ^~~~~~~~~~~~~~~~~~~~~~~~~~~~~~~~~~~~
../Core/Src/freertos.c: In function 'golfinho_imu_timer_callback':
../Core/Src/freertos.c:783:3: warning: implicit declaration of function 'clock_gettime' [-Wimplicit-function-declaration]
  783 |   clock_gettime(CLOCK_REALTIME, &ts);
      |   ^~~~~~~~~~~~~
../Core/Src/freertos.c: In function 'golfinho_joint_steering_timer_callback':
../Core/Src/freertos.c:830:21: warning: unused variable 'data2' [-Wunused-variable]
  830 |  double data0,data1,data2;
      |                     ^~~~~
../Core/Src/freertos.c:830:15: warning: unused variable 'data1' [-Wunused-variable]
  830 |  double data0,data1,data2;
      |               ^~~~~
../Core/Src/freertos.c:830:9: warning: unused variable 'data0' [-Wunused-variable]
  830 |  double data0,data1,data2;
      |         ^~~~~
../Core/Src/freertos.c: In function 'task_ros2_function':
../Core/Src/freertos.c:323:4: warning: ignoring return value of 'rcl_init_options_init', declared with attribute warn_unused_result [-Wunused-result]
  323 |    rcl_init_options_init(&init_options, allocator);
      |    ^~~~~~~~~~~~~~~~~~~~~~~~~~~~~~~~~~~~~~~~~~~~~~~
arm-none-eabi-gcc -o "learning_uROS.elf" @"objects.list"  -lmicroros -mcpu=cortex-m3 -T"/home/robotica8/STM32CubeIDE/workspace_1.8.0/learning_uROS/STM32F103RETX_FLASH.ld" --specs=nosys.specs -Wl,-Map="learning_uROS.map" -Wl,--gc-sections -static -L"/home/robotica8/STM32CubeIDE/workspace_1.8.0/learning_uROS/Debug/../micro_ros_stm32cubemx_utils/microros_static_library_ide/libmicroros" --specs=nano.specs -mfloat-abi=soft -mthumb -Wl,--start-group -lc -lm -Wl,--end-group
Finished building target: learning_uROS.elf
 
arm-none-eabi-size   learning_uROS.elf 
arm-none-eabi-objdump -h -S  learning_uROS.elf  > "learning_uROS.list"
arm-none-eabi-objcopy  -O binary  learning_uROS.elf  "learning_uROS.bin"
   text	   data	    bss	    dec	    hex	filename
 107304	    704	  59272	 167280	  28d70	learning_uROS.elf
Finished building: default.size.stdout
 
Finished building: learning_uROS.bin
 
Finished building: learning_uROS.list
 
