11:18:33 **** Incremental Build of configuration Debug for project data_velocity ****
make -j8 all 
docker run --rm -v "/home/robsic/STM32CubeIDE/data_aquisition_cart_golf/data_velocity":/project --env MICROROS_LIBRARY_FOLDER=micro_ros_stm32cubemx_utils/microros_static_library_ide microros/micro_ros_static_library_builder:foxy
micro-ROS library found. Skipping...
Delete micro_ros_stm32cubemx_utils/microros_static_library_ide/libmicroros/ for rebuild.
 
arm-none-eabi-gcc "../Core/Src/freertos.c" -mcpu=cortex-m3 -std=gnu11 -g3 -DDEBUG -DUSE_HAL_DRIVER -DSTM32F103xE -c -I../Core/Inc -I"/home/robsic/STM32CubeIDE/data_aquisition_cart_golf/data_velocity/Debug/../micro_ros_stm32cubemx_utils/microros_static_library_ide/libmicroros/include" -I../Drivers/STM32F1xx_HAL_Driver/Inc -I../Drivers/STM32F1xx_HAL_Driver/Inc/Legacy -I../Drivers/CMSIS/Device/ST/STM32F1xx/Include -I../Drivers/CMSIS/Include -I../Middlewares/Third_Party/FreeRTOS/Source/include -I../Middlewares/Third_Party/FreeRTOS/Source/CMSIS_RTOS_V2 -I../Middlewares/Third_Party/FreeRTOS/Source/portable/GCC/ARM_CM3 -O0 -ffunction-sections -fdata-sections -Wall -fstack-usage -MMD -MP -MF"Core/Src/freertos.d" -MT"Core/Src/freertos.o" --specs=nano.specs -mfloat-abi=soft -mthumb -o "Core/Src/freertos.o"
../Core/Src/freertos.c: In function 'golfinho_imu_timer_callback':
../Core/Src/freertos.c:1081:3: warning: implicit declaration of function 'clock_gettime' [-Wimplicit-function-declaration]
 1081 |   clock_gettime(CLOCK_REALTIME, &ts);
      |   ^~~~~~~~~~~~~
arm-none-eabi-gcc -o "data_velocity.elf" @"objects.list"  -lmicroros -mcpu=cortex-m3 -T"/home/robsic/STM32CubeIDE/data_aquisition_cart_golf/data_velocity/STM32F103RETX_FLASH.ld" --specs=nosys.specs -Wl,-Map="data_velocity.map" -Wl,--gc-sections -static -L"/home/robsic/STM32CubeIDE/data_aquisition_cart_golf/data_velocity/Debug/../micro_ros_stm32cubemx_utils/microros_static_library_ide/libmicroros" --specs=nano.specs -mfloat-abi=soft -mthumb -Wl,--start-group -lc -lm -Wl,--end-group
Finished building target: data_velocity.elf
 
arm-none-eabi-size   data_velocity.elf 
arm-none-eabi-objdump -h -S  data_velocity.elf  > "data_velocity.list"
arm-none-eabi-objcopy  -O binary  data_velocity.elf  "data_velocity.bin"
   text	   data	    bss	    dec	    hex	filename
 121508	    852	  61704	 184064	  2cf00	data_velocity.elf
Finished building: default.size.stdout
 
Finished building: data_velocity.bin
 
Finished building: data_velocity.list
 
11:19:38 **** Incremental Build of configuration Debug for project data_velocity ****
make -j8 all 
docker run --rm -v "/home/robsic/STM32CubeIDE/data_aquisition_cart_golf/data_velocity":/project --env MICROROS_LIBRARY_FOLDER=micro_ros_stm32cubemx_utils/microros_static_library_ide microros/micro_ros_static_library_builder:foxy
micro-ROS library found. Skipping...
Delete micro_ros_stm32cubemx_utils/microros_static_library_ide/libmicroros/ for rebuild.
 
arm-none-eabi-size   data_velocity.elf 
   text	   data	    bss	    dec	    hex	filename
 121508	    852	  61704	 184064	  2cf00	data_velocity.elf
Finished building: default.size.stdout
 
11:30:22 **** Incremental Build of configuration Debug for project data_velocity ****
make -j8 all 
docker run --rm -v "/home/robsic/STM32CubeIDE/data_aquisition_cart_golf/data_velocity":/project --env MICROROS_LIBRARY_FOLDER=micro_ros_stm32cubemx_utils/microros_static_library_ide microros/micro_ros_static_library_builder:foxy
micro-ROS library found. Skipping...
Delete micro_ros_stm32cubemx_utils/microros_static_library_ide/libmicroros/ for rebuild.
 
arm-none-eabi-gcc "../Core/Src/freertos.c" -mcpu=cortex-m3 -std=gnu11 -g3 -DDEBUG -DUSE_HAL_DRIVER -DSTM32F103xE -c -I../Core/Inc -I"/home/robsic/STM32CubeIDE/data_aquisition_cart_golf/data_velocity/Debug/../micro_ros_stm32cubemx_utils/microros_static_library_ide/libmicroros/include" -I../Drivers/STM32F1xx_HAL_Driver/Inc -I../Drivers/STM32F1xx_HAL_Driver/Inc/Legacy -I../Drivers/CMSIS/Device/ST/STM32F1xx/Include -I../Drivers/CMSIS/Include -I../Middlewares/Third_Party/FreeRTOS/Source/include -I../Middlewares/Third_Party/FreeRTOS/Source/CMSIS_RTOS_V2 -I../Middlewares/Third_Party/FreeRTOS/Source/portable/GCC/ARM_CM3 -O0 -ffunction-sections -fdata-sections -Wall -fstack-usage -MMD -MP -MF"Core/Src/freertos.d" -MT"Core/Src/freertos.o" --specs=nano.specs -mfloat-abi=soft -mthumb -o "Core/Src/freertos.o"
../Core/Src/freertos.c: In function 'golfinho_imu_timer_callback':
../Core/Src/freertos.c:1086:3: warning: implicit declaration of function 'clock_gettime' [-Wimplicit-function-declaration]
 1086 |   clock_gettime(CLOCK_REALTIME, &ts);
      |   ^~~~~~~~~~~~~
arm-none-eabi-gcc -o "data_velocity.elf" @"objects.list"  -lmicroros -mcpu=cortex-m3 -T"/home/robsic/STM32CubeIDE/data_aquisition_cart_golf/data_velocity/STM32F103RETX_FLASH.ld" --specs=nosys.specs -Wl,-Map="data_velocity.map" -Wl,--gc-sections -static -L"/home/robsic/STM32CubeIDE/data_aquisition_cart_golf/data_velocity/Debug/../micro_ros_stm32cubemx_utils/microros_static_library_ide/libmicroros" --specs=nano.specs -mfloat-abi=soft -mthumb -Wl,--start-group -lc -lm -Wl,--end-group
Finished building target: data_velocity.elf
 
arm-none-eabi-size   data_velocity.elf 
arm-none-eabi-objdump -h -S  data_velocity.elf  > "data_velocity.list"
arm-none-eabi-objcopy  -O binary  data_velocity.elf  "data_velocity.bin"
   text	   data	    bss	    dec	    hex	filename
 121588	    852	  61704	 184144	  2cf50	data_velocity.elf
Finished building: default.size.stdout
 
Finished building: data_velocity.bin
 
Finished building: data_velocity.list
 
11:31:01 **** Incremental Build of configuration Debug for project data_velocity ****
make -j8 all 
docker run --rm -v "/home/robsic/STM32CubeIDE/data_aquisition_cart_golf/data_velocity":/project --env MICROROS_LIBRARY_FOLDER=micro_ros_stm32cubemx_utils/microros_static_library_ide microros/micro_ros_static_library_builder:foxy
micro-ROS library found. Skipping...
Delete micro_ros_stm32cubemx_utils/microros_static_library_ide/libmicroros/ for rebuild.
 
arm-none-eabi-gcc "../Core/Src/freertos.c" -mcpu=cortex-m3 -std=gnu11 -g3 -DDEBUG -DUSE_HAL_DRIVER -DSTM32F103xE -c -I../Core/Inc -I"/home/robsic/STM32CubeIDE/data_aquisition_cart_golf/data_velocity/Debug/../micro_ros_stm32cubemx_utils/microros_static_library_ide/libmicroros/include" -I../Drivers/STM32F1xx_HAL_Driver/Inc -I../Drivers/STM32F1xx_HAL_Driver/Inc/Legacy -I../Drivers/CMSIS/Device/ST/STM32F1xx/Include -I../Drivers/CMSIS/Include -I../Middlewares/Third_Party/FreeRTOS/Source/include -I../Middlewares/Third_Party/FreeRTOS/Source/CMSIS_RTOS_V2 -I../Middlewares/Third_Party/FreeRTOS/Source/portable/GCC/ARM_CM3 -O0 -ffunction-sections -fdata-sections -Wall -fstack-usage -MMD -MP -MF"Core/Src/freertos.d" -MT"Core/Src/freertos.o" --specs=nano.specs -mfloat-abi=soft -mthumb -o "Core/Src/freertos.o"
../Core/Src/freertos.c: In function 'golfinho_imu_timer_callback':
../Core/Src/freertos.c:1086:3: warning: implicit declaration of function 'clock_gettime' [-Wimplicit-function-declaration]
 1086 |   clock_gettime(CLOCK_REALTIME, &ts);
      |   ^~~~~~~~~~~~~
arm-none-eabi-gcc -o "data_velocity.elf" @"objects.list"  -lmicroros -mcpu=cortex-m3 -T"/home/robsic/STM32CubeIDE/data_aquisition_cart_golf/data_velocity/STM32F103RETX_FLASH.ld" --specs=nosys.specs -Wl,-Map="data_velocity.map" -Wl,--gc-sections -static -L"/home/robsic/STM32CubeIDE/data_aquisition_cart_golf/data_velocity/Debug/../micro_ros_stm32cubemx_utils/microros_static_library_ide/libmicroros" --specs=nano.specs -mfloat-abi=soft -mthumb -Wl,--start-group -lc -lm -Wl,--end-group
Finished building target: data_velocity.elf
 
arm-none-eabi-size   data_velocity.elf 
arm-none-eabi-objdump -h -S  data_velocity.elf  > "data_velocity.list"
arm-none-eabi-objcopy  -O binary  data_velocity.elf  "data_velocity.bin"
   text	   data	    bss	    dec	    hex	filename
 121588	    852	  61704	 184144	  2cf50	data_velocity.elf
Finished building: default.size.stdout
 
Finished building: data_velocity.bin
 
Finished building: data_velocity.list
 
11:36:21 **** Incremental Build of configuration Debug for project data_velocity ****
make -j8 all 
docker run --rm -v "/home/robsic/STM32CubeIDE/data_aquisition_cart_golf/data_velocity":/project --env MICROROS_LIBRARY_FOLDER=micro_ros_stm32cubemx_utils/microros_static_library_ide microros/micro_ros_static_library_builder:foxy
micro-ROS library found. Skipping...
Delete micro_ros_stm32cubemx_utils/microros_static_library_ide/libmicroros/ for rebuild.
 
arm-none-eabi-gcc "../Core/Src/freertos.c" -mcpu=cortex-m3 -std=gnu11 -g3 -DDEBUG -DUSE_HAL_DRIVER -DSTM32F103xE -c -I../Core/Inc -I"/home/robsic/STM32CubeIDE/data_aquisition_cart_golf/data_velocity/Debug/../micro_ros_stm32cubemx_utils/microros_static_library_ide/libmicroros/include" -I../Drivers/STM32F1xx_HAL_Driver/Inc -I../Drivers/STM32F1xx_HAL_Driver/Inc/Legacy -I../Drivers/CMSIS/Device/ST/STM32F1xx/Include -I../Drivers/CMSIS/Include -I../Middlewares/Third_Party/FreeRTOS/Source/include -I../Middlewares/Third_Party/FreeRTOS/Source/CMSIS_RTOS_V2 -I../Middlewares/Third_Party/FreeRTOS/Source/portable/GCC/ARM_CM3 -O0 -ffunction-sections -fdata-sections -Wall -fstack-usage -MMD -MP -MF"Core/Src/freertos.d" -MT"Core/Src/freertos.o" --specs=nano.specs -mfloat-abi=soft -mthumb -o "Core/Src/freertos.o"
../Core/Src/freertos.c: In function 'golfinho_imu_timer_callback':
../Core/Src/freertos.c:1086:3: warning: implicit declaration of function 'clock_gettime' [-Wimplicit-function-declaration]
 1086 |   clock_gettime(CLOCK_REALTIME, &ts);
      |   ^~~~~~~~~~~~~
arm-none-eabi-gcc -o "data_velocity.elf" @"objects.list"  -lmicroros -mcpu=cortex-m3 -T"/home/robsic/STM32CubeIDE/data_aquisition_cart_golf/data_velocity/STM32F103RETX_FLASH.ld" --specs=nosys.specs -Wl,-Map="data_velocity.map" -Wl,--gc-sections -static -L"/home/robsic/STM32CubeIDE/data_aquisition_cart_golf/data_velocity/Debug/../micro_ros_stm32cubemx_utils/microros_static_library_ide/libmicroros" --specs=nano.specs -mfloat-abi=soft -mthumb -Wl,--start-group -lc -lm -Wl,--end-group
Finished building target: data_velocity.elf
 
arm-none-eabi-size   data_velocity.elf 
arm-none-eabi-objdump -h -S  data_velocity.elf  > "data_velocity.list"
arm-none-eabi-objcopy  -O binary  data_velocity.elf  "data_velocity.bin"
   text	   data	    bss	    dec	    hex	filename
 121556	    852	  61704	 184112	  2cf30	data_velocity.elf
Finished building: default.size.stdout
 
Finished building: data_velocity.bin
 
Finished building: data_velocity.list
 
11:40:37 **** Incremental Build of configuration Debug for project data_velocity ****
make -j8 all 
docker run --rm -v "/home/robsic/STM32CubeIDE/data_aquisition_cart_golf/data_velocity":/project --env MICROROS_LIBRARY_FOLDER=micro_ros_stm32cubemx_utils/microros_static_library_ide microros/micro_ros_static_library_builder:foxy
micro-ROS library found. Skipping...
Delete micro_ros_stm32cubemx_utils/microros_static_library_ide/libmicroros/ for rebuild.
 
arm-none-eabi-size   data_velocity.elf 
   text	   data	    bss	    dec	    hex	filename
 121556	    852	  61704	 184112	  2cf30	data_velocity.elf
Finished building: default.size.stdout
 
11:49:10 **** Incremental Build of configuration Debug for project data_velocity ****
make -j8 all 
docker run --rm -v "/home/robsic/STM32CubeIDE/data_aquisition_cart_golf/data_velocity":/project --env MICROROS_LIBRARY_FOLDER=micro_ros_stm32cubemx_utils/microros_static_library_ide microros/micro_ros_static_library_builder:foxy
micro-ROS library found. Skipping...
Delete micro_ros_stm32cubemx_utils/microros_static_library_ide/libmicroros/ for rebuild.
 
arm-none-eabi-gcc "../Core/Src/freertos.c" -mcpu=cortex-m3 -std=gnu11 -g3 -DDEBUG -DUSE_HAL_DRIVER -DSTM32F103xE -c -I../Core/Inc -I"/home/robsic/STM32CubeIDE/data_aquisition_cart_golf/data_velocity/Debug/../micro_ros_stm32cubemx_utils/microros_static_library_ide/libmicroros/include" -I../Drivers/STM32F1xx_HAL_Driver/Inc -I../Drivers/STM32F1xx_HAL_Driver/Inc/Legacy -I../Drivers/CMSIS/Device/ST/STM32F1xx/Include -I../Drivers/CMSIS/Include -I../Middlewares/Third_Party/FreeRTOS/Source/include -I../Middlewares/Third_Party/FreeRTOS/Source/CMSIS_RTOS_V2 -I../Middlewares/Third_Party/FreeRTOS/Source/portable/GCC/ARM_CM3 -O0 -ffunction-sections -fdata-sections -Wall -fstack-usage -MMD -MP -MF"Core/Src/freertos.d" -MT"Core/Src/freertos.o" --specs=nano.specs -mfloat-abi=soft -mthumb -o "Core/Src/freertos.o"
../Core/Src/freertos.c: In function 'golfinho_imu_timer_callback':
../Core/Src/freertos.c:1089:3: warning: implicit declaration of function 'clock_gettime' [-Wimplicit-function-declaration]
 1089 |   clock_gettime(CLOCK_REALTIME, &ts);
      |   ^~~~~~~~~~~~~
arm-none-eabi-gcc -o "data_velocity.elf" @"objects.list"  -lmicroros -mcpu=cortex-m3 -T"/home/robsic/STM32CubeIDE/data_aquisition_cart_golf/data_velocity/STM32F103RETX_FLASH.ld" --specs=nosys.specs -Wl,-Map="data_velocity.map" -Wl,--gc-sections -static -L"/home/robsic/STM32CubeIDE/data_aquisition_cart_golf/data_velocity/Debug/../micro_ros_stm32cubemx_utils/microros_static_library_ide/libmicroros" --specs=nano.specs -mfloat-abi=soft -mthumb -Wl,--start-group -lc -lm -Wl,--end-group
Finished building target: data_velocity.elf
 
arm-none-eabi-size   data_velocity.elf 
arm-none-eabi-objdump -h -S  data_velocity.elf  > "data_velocity.list"
arm-none-eabi-objcopy  -O binary  data_velocity.elf  "data_velocity.bin"
   text	   data	    bss	    dec	    hex	filename
 121588	    852	  61704	 184144	  2cf50	data_velocity.elf
Finished building: default.size.stdout
 
Finished building: data_velocity.bin
 
Finished building: data_velocity.list
 
12:29:37 **** Incremental Build of configuration Debug for project data_velocity ****
make -j8 all 
docker run --rm -v "/home/robsic/STM32CubeIDE/data_aquisition_cart_golf/data_velocity":/project --env MICROROS_LIBRARY_FOLDER=micro_ros_stm32cubemx_utils/microros_static_library_ide microros/micro_ros_static_library_builder:foxy
micro-ROS library found. Skipping...
Delete micro_ros_stm32cubemx_utils/microros_static_library_ide/libmicroros/ for rebuild.
 
arm-none-eabi-gcc "../Core/Src/freertos.c" -mcpu=cortex-m3 -std=gnu11 -g3 -DDEBUG -DUSE_HAL_DRIVER -DSTM32F103xE -c -I../Core/Inc -I"/home/robsic/STM32CubeIDE/data_aquisition_cart_golf/data_velocity/Debug/../micro_ros_stm32cubemx_utils/microros_static_library_ide/libmicroros/include" -I../Drivers/STM32F1xx_HAL_Driver/Inc -I../Drivers/STM32F1xx_HAL_Driver/Inc/Legacy -I../Drivers/CMSIS/Device/ST/STM32F1xx/Include -I../Drivers/CMSIS/Include -I../Middlewares/Third_Party/FreeRTOS/Source/include -I../Middlewares/Third_Party/FreeRTOS/Source/CMSIS_RTOS_V2 -I../Middlewares/Third_Party/FreeRTOS/Source/portable/GCC/ARM_CM3 -O0 -ffunction-sections -fdata-sections -Wall -fstack-usage -MMD -MP -MF"Core/Src/freertos.d" -MT"Core/Src/freertos.o" --specs=nano.specs -mfloat-abi=soft -mthumb -o "Core/Src/freertos.o"
../Core/Src/freertos.c: In function 'golfinho_imu_timer_callback':
../Core/Src/freertos.c:1089:3: warning: implicit declaration of function 'clock_gettime' [-Wimplicit-function-declaration]
 1089 |   clock_gettime(CLOCK_REALTIME, &ts);
      |   ^~~~~~~~~~~~~
arm-none-eabi-gcc -o "data_velocity.elf" @"objects.list"  -lmicroros -mcpu=cortex-m3 -T"/home/robsic/STM32CubeIDE/data_aquisition_cart_golf/data_velocity/STM32F103RETX_FLASH.ld" --specs=nosys.specs -Wl,-Map="data_velocity.map" -Wl,--gc-sections -static -L"/home/robsic/STM32CubeIDE/data_aquisition_cart_golf/data_velocity/Debug/../micro_ros_stm32cubemx_utils/microros_static_library_ide/libmicroros" --specs=nano.specs -mfloat-abi=soft -mthumb -Wl,--start-group -lc -lm -Wl,--end-group
Finished building target: data_velocity.elf
 
arm-none-eabi-size   data_velocity.elf 
arm-none-eabi-objdump -h -S  data_velocity.elf  > "data_velocity.list"
arm-none-eabi-objcopy  -O binary  data_velocity.elf  "data_velocity.bin"
   text	   data	    bss	    dec	    hex	filename
 121604	    852	  61704	 184160	  2cf60	data_velocity.elf
Finished building: default.size.stdout
 
Finished building: data_velocity.bin
 
Finished building: data_velocity.list
 
12:30:50 **** Incremental Build of configuration Debug for project data_velocity ****
make -j8 all 
docker run --rm -v "/home/robsic/STM32CubeIDE/data_aquisition_cart_golf/data_velocity":/project --env MICROROS_LIBRARY_FOLDER=micro_ros_stm32cubemx_utils/microros_static_library_ide microros/micro_ros_static_library_builder:foxy
micro-ROS library found. Skipping...
Delete micro_ros_stm32cubemx_utils/microros_static_library_ide/libmicroros/ for rebuild.
 
arm-none-eabi-gcc "../Core/Src/freertos.c" -mcpu=cortex-m3 -std=gnu11 -g3 -DDEBUG -DUSE_HAL_DRIVER -DSTM32F103xE -c -I../Core/Inc -I"/home/robsic/STM32CubeIDE/data_aquisition_cart_golf/data_velocity/Debug/../micro_ros_stm32cubemx_utils/microros_static_library_ide/libmicroros/include" -I../Drivers/STM32F1xx_HAL_Driver/Inc -I../Drivers/STM32F1xx_HAL_Driver/Inc/Legacy -I../Drivers/CMSIS/Device/ST/STM32F1xx/Include -I../Drivers/CMSIS/Include -I../Middlewares/Third_Party/FreeRTOS/Source/include -I../Middlewares/Third_Party/FreeRTOS/Source/CMSIS_RTOS_V2 -I../Middlewares/Third_Party/FreeRTOS/Source/portable/GCC/ARM_CM3 -O0 -ffunction-sections -fdata-sections -Wall -fstack-usage -MMD -MP -MF"Core/Src/freertos.d" -MT"Core/Src/freertos.o" --specs=nano.specs -mfloat-abi=soft -mthumb -o "Core/Src/freertos.o"
../Core/Src/freertos.c: In function 'golfinho_imu_timer_callback':
../Core/Src/freertos.c:1089:3: warning: implicit declaration of function 'clock_gettime' [-Wimplicit-function-declaration]
 1089 |   clock_gettime(CLOCK_REALTIME, &ts);
      |   ^~~~~~~~~~~~~
arm-none-eabi-gcc -o "data_velocity.elf" @"objects.list"  -lmicroros -mcpu=cortex-m3 -T"/home/robsic/STM32CubeIDE/data_aquisition_cart_golf/data_velocity/STM32F103RETX_FLASH.ld" --specs=nosys.specs -Wl,-Map="data_velocity.map" -Wl,--gc-sections -static -L"/home/robsic/STM32CubeIDE/data_aquisition_cart_golf/data_velocity/Debug/../micro_ros_stm32cubemx_utils/microros_static_library_ide/libmicroros" --specs=nano.specs -mfloat-abi=soft -mthumb -Wl,--start-group -lc -lm -Wl,--end-group
Finished building target: data_velocity.elf
 
arm-none-eabi-size   data_velocity.elf 
arm-none-eabi-objdump -h -S  data_velocity.elf  > "data_velocity.list"
arm-none-eabi-objcopy  -O binary  data_velocity.elf  "data_velocity.bin"
   text	   data	    bss	    dec	    hex	filename
 121620	    852	  61704	 184176	  2cf70	data_velocity.elf
Finished building: default.size.stdout
 
Finished building: data_velocity.bin
 
Finished building: data_velocity.list
 
12:34:22 **** Incremental Build of configuration Debug for project data_velocity ****
make -j8 all 
docker run --rm -v "/home/robsic/STM32CubeIDE/data_aquisition_cart_golf/data_velocity":/project --env MICROROS_LIBRARY_FOLDER=micro_ros_stm32cubemx_utils/microros_static_library_ide microros/micro_ros_static_library_builder:foxy
micro-ROS library found. Skipping...
Delete micro_ros_stm32cubemx_utils/microros_static_library_ide/libmicroros/ for rebuild.
 
arm-none-eabi-gcc "../Core/Src/freertos.c" -mcpu=cortex-m3 -std=gnu11 -g3 -DDEBUG -DUSE_HAL_DRIVER -DSTM32F103xE -c -I../Core/Inc -I"/home/robsic/STM32CubeIDE/data_aquisition_cart_golf/data_velocity/Debug/../micro_ros_stm32cubemx_utils/microros_static_library_ide/libmicroros/include" -I../Drivers/STM32F1xx_HAL_Driver/Inc -I../Drivers/STM32F1xx_HAL_Driver/Inc/Legacy -I../Drivers/CMSIS/Device/ST/STM32F1xx/Include -I../Drivers/CMSIS/Include -I../Middlewares/Third_Party/FreeRTOS/Source/include -I../Middlewares/Third_Party/FreeRTOS/Source/CMSIS_RTOS_V2 -I../Middlewares/Third_Party/FreeRTOS/Source/portable/GCC/ARM_CM3 -O0 -ffunction-sections -fdata-sections -Wall -fstack-usage -MMD -MP -MF"Core/Src/freertos.d" -MT"Core/Src/freertos.o" --specs=nano.specs -mfloat-abi=soft -mthumb -o "Core/Src/freertos.o"
../Core/Src/freertos.c: In function 'golfinho_imu_timer_callback':
../Core/Src/freertos.c:1089:3: warning: implicit declaration of function 'clock_gettime' [-Wimplicit-function-declaration]
 1089 |   clock_gettime(CLOCK_REALTIME, &ts);
      |   ^~~~~~~~~~~~~
arm-none-eabi-gcc -o "data_velocity.elf" @"objects.list"  -lmicroros -mcpu=cortex-m3 -T"/home/robsic/STM32CubeIDE/data_aquisition_cart_golf/data_velocity/STM32F103RETX_FLASH.ld" --specs=nosys.specs -Wl,-Map="data_velocity.map" -Wl,--gc-sections -static -L"/home/robsic/STM32CubeIDE/data_aquisition_cart_golf/data_velocity/Debug/../micro_ros_stm32cubemx_utils/microros_static_library_ide/libmicroros" --specs=nano.specs -mfloat-abi=soft -mthumb -Wl,--start-group -lc -lm -Wl,--end-group
Finished building target: data_velocity.elf
 
arm-none-eabi-size   data_velocity.elf 
arm-none-eabi-objdump -h -S  data_velocity.elf  > "data_velocity.list"
arm-none-eabi-objcopy  -O binary  data_velocity.elf  "data_velocity.bin"
   text	   data	    bss	    dec	    hex	filename
 121620	    852	  61704	 184176	  2cf70	data_velocity.elf
Finished building: default.size.stdout
 
Finished building: data_velocity.bin
 
Finished building: data_velocity.list
 
12:36:46 **** Incremental Build of configuration Debug for project data_velocity ****
make -j8 all 
docker run --rm -v "/home/robsic/STM32CubeIDE/data_aquisition_cart_golf/data_velocity":/project --env MICROROS_LIBRARY_FOLDER=micro_ros_stm32cubemx_utils/microros_static_library_ide microros/micro_ros_static_library_builder:foxy
micro-ROS library found. Skipping...
Delete micro_ros_stm32cubemx_utils/microros_static_library_ide/libmicroros/ for rebuild.
 
arm-none-eabi-gcc "../Core/Src/freertos.c" -mcpu=cortex-m3 -std=gnu11 -g3 -DDEBUG -DUSE_HAL_DRIVER -DSTM32F103xE -c -I../Core/Inc -I"/home/robsic/STM32CubeIDE/data_aquisition_cart_golf/data_velocity/Debug/../micro_ros_stm32cubemx_utils/microros_static_library_ide/libmicroros/include" -I../Drivers/STM32F1xx_HAL_Driver/Inc -I../Drivers/STM32F1xx_HAL_Driver/Inc/Legacy -I../Drivers/CMSIS/Device/ST/STM32F1xx/Include -I../Drivers/CMSIS/Include -I../Middlewares/Third_Party/FreeRTOS/Source/include -I../Middlewares/Third_Party/FreeRTOS/Source/CMSIS_RTOS_V2 -I../Middlewares/Third_Party/FreeRTOS/Source/portable/GCC/ARM_CM3 -O0 -ffunction-sections -fdata-sections -Wall -fstack-usage -MMD -MP -MF"Core/Src/freertos.d" -MT"Core/Src/freertos.o" --specs=nano.specs -mfloat-abi=soft -mthumb -o "Core/Src/freertos.o"
../Core/Src/freertos.c: In function 'golfinho_imu_timer_callback':
../Core/Src/freertos.c:1089:3: warning: implicit declaration of function 'clock_gettime' [-Wimplicit-function-declaration]
 1089 |   clock_gettime(CLOCK_REALTIME, &ts);
      |   ^~~~~~~~~~~~~
arm-none-eabi-gcc -o "data_velocity.elf" @"objects.list"  -lmicroros -mcpu=cortex-m3 -T"/home/robsic/STM32CubeIDE/data_aquisition_cart_golf/data_velocity/STM32F103RETX_FLASH.ld" --specs=nosys.specs -Wl,-Map="data_velocity.map" -Wl,--gc-sections -static -L"/home/robsic/STM32CubeIDE/data_aquisition_cart_golf/data_velocity/Debug/../micro_ros_stm32cubemx_utils/microros_static_library_ide/libmicroros" --specs=nano.specs -mfloat-abi=soft -mthumb -Wl,--start-group -lc -lm -Wl,--end-group
Finished building target: data_velocity.elf
 
arm-none-eabi-size   data_velocity.elf 
arm-none-eabi-objdump -h -S  data_velocity.elf  > "data_velocity.list"
arm-none-eabi-objcopy  -O binary  data_velocity.elf  "data_velocity.bin"
   text	   data	    bss	    dec	    hex	filename
 121620	    852	  61704	 184176	  2cf70	data_velocity.elf
Finished building: default.size.stdout
 
Finished building: data_velocity.bin
 
Finished building: data_velocity.list
 
12:40:42 **** Incremental Build of configuration Debug for project data_velocity ****
make -j8 all 
docker run --rm -v "/home/robsic/STM32CubeIDE/data_aquisition_cart_golf/data_velocity":/project --env MICROROS_LIBRARY_FOLDER=micro_ros_stm32cubemx_utils/microros_static_library_ide microros/micro_ros_static_library_builder:foxy
micro-ROS library found. Skipping...
Delete micro_ros_stm32cubemx_utils/microros_static_library_ide/libmicroros/ for rebuild.
 
arm-none-eabi-gcc "../Core/Src/freertos.c" -mcpu=cortex-m3 -std=gnu11 -g3 -DDEBUG -DUSE_HAL_DRIVER -DSTM32F103xE -c -I../Core/Inc -I"/home/robsic/STM32CubeIDE/data_aquisition_cart_golf/data_velocity/Debug/../micro_ros_stm32cubemx_utils/microros_static_library_ide/libmicroros/include" -I../Drivers/STM32F1xx_HAL_Driver/Inc -I../Drivers/STM32F1xx_HAL_Driver/Inc/Legacy -I../Drivers/CMSIS/Device/ST/STM32F1xx/Include -I../Drivers/CMSIS/Include -I../Middlewares/Third_Party/FreeRTOS/Source/include -I../Middlewares/Third_Party/FreeRTOS/Source/CMSIS_RTOS_V2 -I../Middlewares/Third_Party/FreeRTOS/Source/portable/GCC/ARM_CM3 -O0 -ffunction-sections -fdata-sections -Wall -fstack-usage -MMD -MP -MF"Core/Src/freertos.d" -MT"Core/Src/freertos.o" --specs=nano.specs -mfloat-abi=soft -mthumb -o "Core/Src/freertos.o"
../Core/Src/freertos.c: In function 'golfinho_imu_timer_callback':
../Core/Src/freertos.c:1089:3: warning: implicit declaration of function 'clock_gettime' [-Wimplicit-function-declaration]
 1089 |   clock_gettime(CLOCK_REALTIME, &ts);
      |   ^~~~~~~~~~~~~
arm-none-eabi-gcc -o "data_velocity.elf" @"objects.list"  -lmicroros -mcpu=cortex-m3 -T"/home/robsic/STM32CubeIDE/data_aquisition_cart_golf/data_velocity/STM32F103RETX_FLASH.ld" --specs=nosys.specs -Wl,-Map="data_velocity.map" -Wl,--gc-sections -static -L"/home/robsic/STM32CubeIDE/data_aquisition_cart_golf/data_velocity/Debug/../micro_ros_stm32cubemx_utils/microros_static_library_ide/libmicroros" --specs=nano.specs -mfloat-abi=soft -mthumb -Wl,--start-group -lc -lm -Wl,--end-group
Finished building target: data_velocity.elf
 
arm-none-eabi-size   data_velocity.elf 
arm-none-eabi-objdump -h -S  data_velocity.elf  > "data_velocity.list"
arm-none-eabi-objcopy  -O binary  data_velocity.elf  "data_velocity.bin"
   text	   data	    bss	    dec	    hex	filename
 121620	    852	  61704	 184176	  2cf70	data_velocity.elf
Finished building: default.size.stdout
 
Finished building: data_velocity.bin
 
Finished building: data_velocity.list
 
12:44:02 **** Incremental Build of configuration Debug for project data_velocity ****
make -j8 all 
docker run --rm -v "/home/robsic/STM32CubeIDE/data_aquisition_cart_golf/data_velocity":/project --env MICROROS_LIBRARY_FOLDER=micro_ros_stm32cubemx_utils/microros_static_library_ide microros/micro_ros_static_library_builder:foxy
micro-ROS library found. Skipping...
Delete micro_ros_stm32cubemx_utils/microros_static_library_ide/libmicroros/ for rebuild.
 
arm-none-eabi-gcc "../Core/Src/freertos.c" -mcpu=cortex-m3 -std=gnu11 -g3 -DDEBUG -DUSE_HAL_DRIVER -DSTM32F103xE -c -I../Core/Inc -I"/home/robsic/STM32CubeIDE/data_aquisition_cart_golf/data_velocity/Debug/../micro_ros_stm32cubemx_utils/microros_static_library_ide/libmicroros/include" -I../Drivers/STM32F1xx_HAL_Driver/Inc -I../Drivers/STM32F1xx_HAL_Driver/Inc/Legacy -I../Drivers/CMSIS/Device/ST/STM32F1xx/Include -I../Drivers/CMSIS/Include -I../Middlewares/Third_Party/FreeRTOS/Source/include -I../Middlewares/Third_Party/FreeRTOS/Source/CMSIS_RTOS_V2 -I../Middlewares/Third_Party/FreeRTOS/Source/portable/GCC/ARM_CM3 -O0 -ffunction-sections -fdata-sections -Wall -fstack-usage -MMD -MP -MF"Core/Src/freertos.d" -MT"Core/Src/freertos.o" --specs=nano.specs -mfloat-abi=soft -mthumb -o "Core/Src/freertos.o"
../Core/Src/freertos.c: In function 'golfinho_imu_timer_callback':
../Core/Src/freertos.c:1089:3: warning: implicit declaration of function 'clock_gettime' [-Wimplicit-function-declaration]
 1089 |   clock_gettime(CLOCK_REALTIME, &ts);
      |   ^~~~~~~~~~~~~
arm-none-eabi-gcc -o "data_velocity.elf" @"objects.list"  -lmicroros -mcpu=cortex-m3 -T"/home/robsic/STM32CubeIDE/data_aquisition_cart_golf/data_velocity/STM32F103RETX_FLASH.ld" --specs=nosys.specs -Wl,-Map="data_velocity.map" -Wl,--gc-sections -static -L"/home/robsic/STM32CubeIDE/data_aquisition_cart_golf/data_velocity/Debug/../micro_ros_stm32cubemx_utils/microros_static_library_ide/libmicroros" --specs=nano.specs -mfloat-abi=soft -mthumb -Wl,--start-group -lc -lm -Wl,--end-group
Finished building target: data_velocity.elf
 
arm-none-eabi-size   data_velocity.elf 
arm-none-eabi-objdump -h -S  data_velocity.elf  > "data_velocity.list"
arm-none-eabi-objcopy  -O binary  data_velocity.elf  "data_velocity.bin"
   text	   data	    bss	    dec	    hex	filename
 121620	    852	  61704	 184176	  2cf70	data_velocity.elf
Finished building: default.size.stdout
 
Finished building: data_velocity.bin
 
Finished building: data_velocity.list
 
12:47:17 **** Incremental Build of configuration Debug for project data_velocity ****
make -j8 all 
docker run --rm -v "/home/robsic/STM32CubeIDE/data_aquisition_cart_golf/data_velocity":/project --env MICROROS_LIBRARY_FOLDER=micro_ros_stm32cubemx_utils/microros_static_library_ide microros/micro_ros_static_library_builder:foxy
micro-ROS library found. Skipping...
Delete micro_ros_stm32cubemx_utils/microros_static_library_ide/libmicroros/ for rebuild.
 
arm-none-eabi-gcc "../Core/Src/freertos.c" -mcpu=cortex-m3 -std=gnu11 -g3 -DDEBUG -DUSE_HAL_DRIVER -DSTM32F103xE -c -I../Core/Inc -I"/home/robsic/STM32CubeIDE/data_aquisition_cart_golf/data_velocity/Debug/../micro_ros_stm32cubemx_utils/microros_static_library_ide/libmicroros/include" -I../Drivers/STM32F1xx_HAL_Driver/Inc -I../Drivers/STM32F1xx_HAL_Driver/Inc/Legacy -I../Drivers/CMSIS/Device/ST/STM32F1xx/Include -I../Drivers/CMSIS/Include -I../Middlewares/Third_Party/FreeRTOS/Source/include -I../Middlewares/Third_Party/FreeRTOS/Source/CMSIS_RTOS_V2 -I../Middlewares/Third_Party/FreeRTOS/Source/portable/GCC/ARM_CM3 -O0 -ffunction-sections -fdata-sections -Wall -fstack-usage -MMD -MP -MF"Core/Src/freertos.d" -MT"Core/Src/freertos.o" --specs=nano.specs -mfloat-abi=soft -mthumb -o "Core/Src/freertos.o"
../Core/Src/freertos.c: In function 'golfinho_imu_timer_callback':
../Core/Src/freertos.c:1089:3: warning: implicit declaration of function 'clock_gettime' [-Wimplicit-function-declaration]
 1089 |   clock_gettime(CLOCK_REALTIME, &ts);
      |   ^~~~~~~~~~~~~
arm-none-eabi-gcc -o "data_velocity.elf" @"objects.list"  -lmicroros -mcpu=cortex-m3 -T"/home/robsic/STM32CubeIDE/data_aquisition_cart_golf/data_velocity/STM32F103RETX_FLASH.ld" --specs=nosys.specs -Wl,-Map="data_velocity.map" -Wl,--gc-sections -static -L"/home/robsic/STM32CubeIDE/data_aquisition_cart_golf/data_velocity/Debug/../micro_ros_stm32cubemx_utils/microros_static_library_ide/libmicroros" --specs=nano.specs -mfloat-abi=soft -mthumb -Wl,--start-group -lc -lm -Wl,--end-group
Finished building target: data_velocity.elf
 
arm-none-eabi-size   data_velocity.elf 
arm-none-eabi-objdump -h -S  data_velocity.elf  > "data_velocity.list"
arm-none-eabi-objcopy  -O binary  data_velocity.elf  "data_velocity.bin"
   text	   data	    bss	    dec	    hex	filename
 121620	    852	  61704	 184176	  2cf70	data_velocity.elf
Finished building: default.size.stdout
 
Finished building: data_velocity.bin
 
Finished building: data_velocity.list
 
12:54:41 **** Incremental Build of configuration Debug for project data_velocity ****
make -j8 all 
docker run --rm -v "/home/robsic/STM32CubeIDE/data_aquisition_cart_golf/data_velocity":/project --env MICROROS_LIBRARY_FOLDER=micro_ros_stm32cubemx_utils/microros_static_library_ide microros/micro_ros_static_library_builder:foxy
micro-ROS library found. Skipping...
Delete micro_ros_stm32cubemx_utils/microros_static_library_ide/libmicroros/ for rebuild.
 
arm-none-eabi-gcc "../Core/Src/freertos.c" -mcpu=cortex-m3 -std=gnu11 -g3 -DDEBUG -DUSE_HAL_DRIVER -DSTM32F103xE -c -I../Core/Inc -I"/home/robsic/STM32CubeIDE/data_aquisition_cart_golf/data_velocity/Debug/../micro_ros_stm32cubemx_utils/microros_static_library_ide/libmicroros/include" -I../Drivers/STM32F1xx_HAL_Driver/Inc -I../Drivers/STM32F1xx_HAL_Driver/Inc/Legacy -I../Drivers/CMSIS/Device/ST/STM32F1xx/Include -I../Drivers/CMSIS/Include -I../Middlewares/Third_Party/FreeRTOS/Source/include -I../Middlewares/Third_Party/FreeRTOS/Source/CMSIS_RTOS_V2 -I../Middlewares/Third_Party/FreeRTOS/Source/portable/GCC/ARM_CM3 -O0 -ffunction-sections -fdata-sections -Wall -fstack-usage -MMD -MP -MF"Core/Src/freertos.d" -MT"Core/Src/freertos.o" --specs=nano.specs -mfloat-abi=soft -mthumb -o "Core/Src/freertos.o"
../Core/Src/freertos.c: In function 'golfinho_imu_timer_callback':
../Core/Src/freertos.c:1089:3: warning: implicit declaration of function 'clock_gettime' [-Wimplicit-function-declaration]
 1089 |   clock_gettime(CLOCK_REALTIME, &ts);
      |   ^~~~~~~~~~~~~
arm-none-eabi-gcc -o "data_velocity.elf" @"objects.list"  -lmicroros -mcpu=cortex-m3 -T"/home/robsic/STM32CubeIDE/data_aquisition_cart_golf/data_velocity/STM32F103RETX_FLASH.ld" --specs=nosys.specs -Wl,-Map="data_velocity.map" -Wl,--gc-sections -static -L"/home/robsic/STM32CubeIDE/data_aquisition_cart_golf/data_velocity/Debug/../micro_ros_stm32cubemx_utils/microros_static_library_ide/libmicroros" --specs=nano.specs -mfloat-abi=soft -mthumb -Wl,--start-group -lc -lm -Wl,--end-group
Finished building target: data_velocity.elf
 
arm-none-eabi-size   data_velocity.elf 
arm-none-eabi-objdump -h -S  data_velocity.elf  > "data_velocity.list"
arm-none-eabi-objcopy  -O binary  data_velocity.elf  "data_velocity.bin"
   text	   data	    bss	    dec	    hex	filename
 121700	    852	  61704	 184256	  2cfc0	data_velocity.elf
Finished building: default.size.stdout
 
Finished building: data_velocity.bin
 
Finished building: data_velocity.list
 
12:57:17 **** Incremental Build of configuration Debug for project data_velocity ****
make -j8 all 
docker run --rm -v "/home/robsic/STM32CubeIDE/data_aquisition_cart_golf/data_velocity":/project --env MICROROS_LIBRARY_FOLDER=micro_ros_stm32cubemx_utils/microros_static_library_ide microros/micro_ros_static_library_builder:foxy
micro-ROS library found. Skipping...
Delete micro_ros_stm32cubemx_utils/microros_static_library_ide/libmicroros/ for rebuild.
 
arm-none-eabi-gcc "../Core/Src/freertos.c" -mcpu=cortex-m3 -std=gnu11 -g3 -DDEBUG -DUSE_HAL_DRIVER -DSTM32F103xE -c -I../Core/Inc -I"/home/robsic/STM32CubeIDE/data_aquisition_cart_golf/data_velocity/Debug/../micro_ros_stm32cubemx_utils/microros_static_library_ide/libmicroros/include" -I../Drivers/STM32F1xx_HAL_Driver/Inc -I../Drivers/STM32F1xx_HAL_Driver/Inc/Legacy -I../Drivers/CMSIS/Device/ST/STM32F1xx/Include -I../Drivers/CMSIS/Include -I../Middlewares/Third_Party/FreeRTOS/Source/include -I../Middlewares/Third_Party/FreeRTOS/Source/CMSIS_RTOS_V2 -I../Middlewares/Third_Party/FreeRTOS/Source/portable/GCC/ARM_CM3 -O0 -ffunction-sections -fdata-sections -Wall -fstack-usage -MMD -MP -MF"Core/Src/freertos.d" -MT"Core/Src/freertos.o" --specs=nano.specs -mfloat-abi=soft -mthumb -o "Core/Src/freertos.o"
../Core/Src/freertos.c: In function 'golfinho_imu_timer_callback':
../Core/Src/freertos.c:1089:3: warning: implicit declaration of function 'clock_gettime' [-Wimplicit-function-declaration]
 1089 |   clock_gettime(CLOCK_REALTIME, &ts);
      |   ^~~~~~~~~~~~~
arm-none-eabi-gcc -o "data_velocity.elf" @"objects.list"  -lmicroros -mcpu=cortex-m3 -T"/home/robsic/STM32CubeIDE/data_aquisition_cart_golf/data_velocity/STM32F103RETX_FLASH.ld" --specs=nosys.specs -Wl,-Map="data_velocity.map" -Wl,--gc-sections -static -L"/home/robsic/STM32CubeIDE/data_aquisition_cart_golf/data_velocity/Debug/../micro_ros_stm32cubemx_utils/microros_static_library_ide/libmicroros" --specs=nano.specs -mfloat-abi=soft -mthumb -Wl,--start-group -lc -lm -Wl,--end-group
Finished building target: data_velocity.elf
 
arm-none-eabi-size   data_velocity.elf 
arm-none-eabi-objdump -h -S  data_velocity.elf  > "data_velocity.list"
arm-none-eabi-objcopy  -O binary  data_velocity.elf  "data_velocity.bin"
   text	   data	    bss	    dec	    hex	filename
 121700	    852	  61704	 184256	  2cfc0	data_velocity.elf
Finished building: default.size.stdout
 
Finished building: data_velocity.bin
 
Finished building: data_velocity.list
 
12:59:57 **** Incremental Build of configuration Debug for project data_velocity ****
make -j8 all 
docker run --rm -v "/home/robsic/STM32CubeIDE/data_aquisition_cart_golf/data_velocity":/project --env MICROROS_LIBRARY_FOLDER=micro_ros_stm32cubemx_utils/microros_static_library_ide microros/micro_ros_static_library_builder:foxy
micro-ROS library found. Skipping...
Delete micro_ros_stm32cubemx_utils/microros_static_library_ide/libmicroros/ for rebuild.
 
arm-none-eabi-gcc "../Core/Src/freertos.c" -mcpu=cortex-m3 -std=gnu11 -g3 -DDEBUG -DUSE_HAL_DRIVER -DSTM32F103xE -c -I../Core/Inc -I"/home/robsic/STM32CubeIDE/data_aquisition_cart_golf/data_velocity/Debug/../micro_ros_stm32cubemx_utils/microros_static_library_ide/libmicroros/include" -I../Drivers/STM32F1xx_HAL_Driver/Inc -I../Drivers/STM32F1xx_HAL_Driver/Inc/Legacy -I../Drivers/CMSIS/Device/ST/STM32F1xx/Include -I../Drivers/CMSIS/Include -I../Middlewares/Third_Party/FreeRTOS/Source/include -I../Middlewares/Third_Party/FreeRTOS/Source/CMSIS_RTOS_V2 -I../Middlewares/Third_Party/FreeRTOS/Source/portable/GCC/ARM_CM3 -O0 -ffunction-sections -fdata-sections -Wall -fstack-usage -MMD -MP -MF"Core/Src/freertos.d" -MT"Core/Src/freertos.o" --specs=nano.specs -mfloat-abi=soft -mthumb -o "Core/Src/freertos.o"
../Core/Src/freertos.c: In function 'golfinho_imu_timer_callback':
../Core/Src/freertos.c:1086:3: warning: implicit declaration of function 'clock_gettime' [-Wimplicit-function-declaration]
 1086 |   clock_gettime(CLOCK_REALTIME, &ts);
      |   ^~~~~~~~~~~~~
arm-none-eabi-gcc -o "data_velocity.elf" @"objects.list"  -lmicroros -mcpu=cortex-m3 -T"/home/robsic/STM32CubeIDE/data_aquisition_cart_golf/data_velocity/STM32F103RETX_FLASH.ld" --specs=nosys.specs -Wl,-Map="data_velocity.map" -Wl,--gc-sections -static -L"/home/robsic/STM32CubeIDE/data_aquisition_cart_golf/data_velocity/Debug/../micro_ros_stm32cubemx_utils/microros_static_library_ide/libmicroros" --specs=nano.specs -mfloat-abi=soft -mthumb -Wl,--start-group -lc -lm -Wl,--end-group
Finished building target: data_velocity.elf
 
arm-none-eabi-size   data_velocity.elf 
arm-none-eabi-objdump -h -S  data_velocity.elf  > "data_velocity.list"
arm-none-eabi-objcopy  -O binary  data_velocity.elf  "data_velocity.bin"
   text	   data	    bss	    dec	    hex	filename
 121668	    852	  61704	 184224	  2cfa0	data_velocity.elf
Finished building: default.size.stdout
 
Finished building: data_velocity.bin
 
Finished building: data_velocity.list
 
13:01:58 **** Incremental Build of configuration Debug for project data_velocity ****
make -j8 all 
docker run --rm -v "/home/robsic/STM32CubeIDE/data_aquisition_cart_golf/data_velocity":/project --env MICROROS_LIBRARY_FOLDER=micro_ros_stm32cubemx_utils/microros_static_library_ide microros/micro_ros_static_library_builder:foxy
micro-ROS library found. Skipping...
Delete micro_ros_stm32cubemx_utils/microros_static_library_ide/libmicroros/ for rebuild.
 
arm-none-eabi-gcc "../Core/Src/freertos.c" -mcpu=cortex-m3 -std=gnu11 -g3 -DDEBUG -DUSE_HAL_DRIVER -DSTM32F103xE -c -I../Core/Inc -I"/home/robsic/STM32CubeIDE/data_aquisition_cart_golf/data_velocity/Debug/../micro_ros_stm32cubemx_utils/microros_static_library_ide/libmicroros/include" -I../Drivers/STM32F1xx_HAL_Driver/Inc -I../Drivers/STM32F1xx_HAL_Driver/Inc/Legacy -I../Drivers/CMSIS/Device/ST/STM32F1xx/Include -I../Drivers/CMSIS/Include -I../Middlewares/Third_Party/FreeRTOS/Source/include -I../Middlewares/Third_Party/FreeRTOS/Source/CMSIS_RTOS_V2 -I../Middlewares/Third_Party/FreeRTOS/Source/portable/GCC/ARM_CM3 -O0 -ffunction-sections -fdata-sections -Wall -fstack-usage -MMD -MP -MF"Core/Src/freertos.d" -MT"Core/Src/freertos.o" --specs=nano.specs -mfloat-abi=soft -mthumb -o "Core/Src/freertos.o"
../Core/Src/freertos.c: In function 'golfinho_imu_timer_callback':
../Core/Src/freertos.c:1086:3: warning: implicit declaration of function 'clock_gettime' [-Wimplicit-function-declaration]
 1086 |   clock_gettime(CLOCK_REALTIME, &ts);
      |   ^~~~~~~~~~~~~
arm-none-eabi-gcc -o "data_velocity.elf" @"objects.list"  -lmicroros -mcpu=cortex-m3 -T"/home/robsic/STM32CubeIDE/data_aquisition_cart_golf/data_velocity/STM32F103RETX_FLASH.ld" --specs=nosys.specs -Wl,-Map="data_velocity.map" -Wl,--gc-sections -static -L"/home/robsic/STM32CubeIDE/data_aquisition_cart_golf/data_velocity/Debug/../micro_ros_stm32cubemx_utils/microros_static_library_ide/libmicroros" --specs=nano.specs -mfloat-abi=soft -mthumb -Wl,--start-group -lc -lm -Wl,--end-group
Finished building target: data_velocity.elf
 
arm-none-eabi-size   data_velocity.elf 
arm-none-eabi-objdump -h -S  data_velocity.elf  > "data_velocity.list"
arm-none-eabi-objcopy  -O binary  data_velocity.elf  "data_velocity.bin"
   text	   data	    bss	    dec	    hex	filename
 121668	    852	  61704	 184224	  2cfa0	data_velocity.elf
Finished building: default.size.stdout
 
Finished building: data_velocity.bin
 
Finished building: data_velocity.list
 
13:03:56 **** Incremental Build of configuration Debug for project data_velocity ****
make -j8 all 
docker run --rm -v "/home/robsic/STM32CubeIDE/data_aquisition_cart_golf/data_velocity":/project --env MICROROS_LIBRARY_FOLDER=micro_ros_stm32cubemx_utils/microros_static_library_ide microros/micro_ros_static_library_builder:foxy
micro-ROS library found. Skipping...
Delete micro_ros_stm32cubemx_utils/microros_static_library_ide/libmicroros/ for rebuild.
 
arm-none-eabi-gcc "../Core/Src/freertos.c" -mcpu=cortex-m3 -std=gnu11 -g3 -DDEBUG -DUSE_HAL_DRIVER -DSTM32F103xE -c -I../Core/Inc -I"/home/robsic/STM32CubeIDE/data_aquisition_cart_golf/data_velocity/Debug/../micro_ros_stm32cubemx_utils/microros_static_library_ide/libmicroros/include" -I../Drivers/STM32F1xx_HAL_Driver/Inc -I../Drivers/STM32F1xx_HAL_Driver/Inc/Legacy -I../Drivers/CMSIS/Device/ST/STM32F1xx/Include -I../Drivers/CMSIS/Include -I../Middlewares/Third_Party/FreeRTOS/Source/include -I../Middlewares/Third_Party/FreeRTOS/Source/CMSIS_RTOS_V2 -I../Middlewares/Third_Party/FreeRTOS/Source/portable/GCC/ARM_CM3 -O0 -ffunction-sections -fdata-sections -Wall -fstack-usage -MMD -MP -MF"Core/Src/freertos.d" -MT"Core/Src/freertos.o" --specs=nano.specs -mfloat-abi=soft -mthumb -o "Core/Src/freertos.o"
../Core/Src/freertos.c: In function 'golfinho_imu_timer_callback':
../Core/Src/freertos.c:1086:3: warning: implicit declaration of function 'clock_gettime' [-Wimplicit-function-declaration]
 1086 |   clock_gettime(CLOCK_REALTIME, &ts);
      |   ^~~~~~~~~~~~~
arm-none-eabi-gcc -o "data_velocity.elf" @"objects.list"  -lmicroros -mcpu=cortex-m3 -T"/home/robsic/STM32CubeIDE/data_aquisition_cart_golf/data_velocity/STM32F103RETX_FLASH.ld" --specs=nosys.specs -Wl,-Map="data_velocity.map" -Wl,--gc-sections -static -L"/home/robsic/STM32CubeIDE/data_aquisition_cart_golf/data_velocity/Debug/../micro_ros_stm32cubemx_utils/microros_static_library_ide/libmicroros" --specs=nano.specs -mfloat-abi=soft -mthumb -Wl,--start-group -lc -lm -Wl,--end-group
Finished building target: data_velocity.elf
 
arm-none-eabi-size   data_velocity.elf 
arm-none-eabi-objdump -h -S  data_velocity.elf  > "data_velocity.list"
arm-none-eabi-objcopy  -O binary  data_velocity.elf  "data_velocity.bin"
   text	   data	    bss	    dec	    hex	filename
 121668	    852	  61704	 184224	  2cfa0	data_velocity.elf
Finished building: default.size.stdout
 
Finished building: data_velocity.bin
 
Finished building: data_velocity.list
 
13:10:27 **** Incremental Build of configuration Debug for project data_velocity ****
make -j8 all 
docker run --rm -v "/home/robsic/STM32CubeIDE/data_aquisition_cart_golf/data_velocity":/project --env MICROROS_LIBRARY_FOLDER=micro_ros_stm32cubemx_utils/microros_static_library_ide microros/micro_ros_static_library_builder:foxy
micro-ROS library found. Skipping...
Delete micro_ros_stm32cubemx_utils/microros_static_library_ide/libmicroros/ for rebuild.
 
arm-none-eabi-gcc "../Core/Src/freertos.c" -mcpu=cortex-m3 -std=gnu11 -g3 -DDEBUG -DUSE_HAL_DRIVER -DSTM32F103xE -c -I../Core/Inc -I"/home/robsic/STM32CubeIDE/data_aquisition_cart_golf/data_velocity/Debug/../micro_ros_stm32cubemx_utils/microros_static_library_ide/libmicroros/include" -I../Drivers/STM32F1xx_HAL_Driver/Inc -I../Drivers/STM32F1xx_HAL_Driver/Inc/Legacy -I../Drivers/CMSIS/Device/ST/STM32F1xx/Include -I../Drivers/CMSIS/Include -I../Middlewares/Third_Party/FreeRTOS/Source/include -I../Middlewares/Third_Party/FreeRTOS/Source/CMSIS_RTOS_V2 -I../Middlewares/Third_Party/FreeRTOS/Source/portable/GCC/ARM_CM3 -O0 -ffunction-sections -fdata-sections -Wall -fstack-usage -MMD -MP -MF"Core/Src/freertos.d" -MT"Core/Src/freertos.o" --specs=nano.specs -mfloat-abi=soft -mthumb -o "Core/Src/freertos.o"
../Core/Src/freertos.c: In function 'golfinho_imu_timer_callback':
../Core/Src/freertos.c:1086:3: warning: implicit declaration of function 'clock_gettime' [-Wimplicit-function-declaration]
 1086 |   clock_gettime(CLOCK_REALTIME, &ts);
      |   ^~~~~~~~~~~~~
arm-none-eabi-gcc -o "data_velocity.elf" @"objects.list"  -lmicroros -mcpu=cortex-m3 -T"/home/robsic/STM32CubeIDE/data_aquisition_cart_golf/data_velocity/STM32F103RETX_FLASH.ld" --specs=nosys.specs -Wl,-Map="data_velocity.map" -Wl,--gc-sections -static -L"/home/robsic/STM32CubeIDE/data_aquisition_cart_golf/data_velocity/Debug/../micro_ros_stm32cubemx_utils/microros_static_library_ide/libmicroros" --specs=nano.specs -mfloat-abi=soft -mthumb -Wl,--start-group -lc -lm -Wl,--end-group
Finished building target: data_velocity.elf
 
arm-none-eabi-size   data_velocity.elf 
arm-none-eabi-objdump -h -S  data_velocity.elf  > "data_velocity.list"
arm-none-eabi-objcopy  -O binary  data_velocity.elf  "data_velocity.bin"
   text	   data	    bss	    dec	    hex	filename
 121668	    852	  61704	 184224	  2cfa0	data_velocity.elf
Finished building: default.size.stdout
 
Finished building: data_velocity.bin
 
Finished building: data_velocity.list
 
13:12:24 **** Incremental Build of configuration Debug for project data_velocity ****
make -j8 all 
docker run --rm -v "/home/robsic/STM32CubeIDE/data_aquisition_cart_golf/data_velocity":/project --env MICROROS_LIBRARY_FOLDER=micro_ros_stm32cubemx_utils/microros_static_library_ide microros/micro_ros_static_library_builder:foxy
micro-ROS library found. Skipping...
Delete micro_ros_stm32cubemx_utils/microros_static_library_ide/libmicroros/ for rebuild.
 
arm-none-eabi-gcc "../Core/Src/freertos.c" -mcpu=cortex-m3 -std=gnu11 -g3 -DDEBUG -DUSE_HAL_DRIVER -DSTM32F103xE -c -I../Core/Inc -I"/home/robsic/STM32CubeIDE/data_aquisition_cart_golf/data_velocity/Debug/../micro_ros_stm32cubemx_utils/microros_static_library_ide/libmicroros/include" -I../Drivers/STM32F1xx_HAL_Driver/Inc -I../Drivers/STM32F1xx_HAL_Driver/Inc/Legacy -I../Drivers/CMSIS/Device/ST/STM32F1xx/Include -I../Drivers/CMSIS/Include -I../Middlewares/Third_Party/FreeRTOS/Source/include -I../Middlewares/Third_Party/FreeRTOS/Source/CMSIS_RTOS_V2 -I../Middlewares/Third_Party/FreeRTOS/Source/portable/GCC/ARM_CM3 -O0 -ffunction-sections -fdata-sections -Wall -fstack-usage -MMD -MP -MF"Core/Src/freertos.d" -MT"Core/Src/freertos.o" --specs=nano.specs -mfloat-abi=soft -mthumb -o "Core/Src/freertos.o"
../Core/Src/freertos.c: In function 'golfinho_imu_timer_callback':
../Core/Src/freertos.c:1086:3: warning: implicit declaration of function 'clock_gettime' [-Wimplicit-function-declaration]
 1086 |   clock_gettime(CLOCK_REALTIME, &ts);
      |   ^~~~~~~~~~~~~
arm-none-eabi-gcc -o "data_velocity.elf" @"objects.list"  -lmicroros -mcpu=cortex-m3 -T"/home/robsic/STM32CubeIDE/data_aquisition_cart_golf/data_velocity/STM32F103RETX_FLASH.ld" --specs=nosys.specs -Wl,-Map="data_velocity.map" -Wl,--gc-sections -static -L"/home/robsic/STM32CubeIDE/data_aquisition_cart_golf/data_velocity/Debug/../micro_ros_stm32cubemx_utils/microros_static_library_ide/libmicroros" --specs=nano.specs -mfloat-abi=soft -mthumb -Wl,--start-group -lc -lm -Wl,--end-group
Finished building target: data_velocity.elf
 
arm-none-eabi-size   data_velocity.elf 
arm-none-eabi-objdump -h -S  data_velocity.elf  > "data_velocity.list"
arm-none-eabi-objcopy  -O binary  data_velocity.elf  "data_velocity.bin"
   text	   data	    bss	    dec	    hex	filename
 121668	    852	  61704	 184224	  2cfa0	data_velocity.elf
Finished building: default.size.stdout
 
Finished building: data_velocity.bin
 
Finished building: data_velocity.list
 
13:13:31 **** Incremental Build of configuration Debug for project data_velocity ****
make -j8 all 
docker run --rm -v "/home/robsic/STM32CubeIDE/data_aquisition_cart_golf/data_velocity":/project --env MICROROS_LIBRARY_FOLDER=micro_ros_stm32cubemx_utils/microros_static_library_ide microros/micro_ros_static_library_builder:foxy
micro-ROS library found. Skipping...
Delete micro_ros_stm32cubemx_utils/microros_static_library_ide/libmicroros/ for rebuild.
 
arm-none-eabi-size   data_velocity.elf 
   text	   data	    bss	    dec	    hex	filename
 121668	    852	  61704	 184224	  2cfa0	data_velocity.elf
Finished building: default.size.stdout
 
13:30:13 **** Incremental Build of configuration Debug for project data_velocity ****
make -j8 all 
docker run --rm -v "/home/robsic/STM32CubeIDE/data_aquisition_cart_golf/data_velocity":/project --env MICROROS_LIBRARY_FOLDER=micro_ros_stm32cubemx_utils/microros_static_library_ide microros/micro_ros_static_library_builder:foxy
micro-ROS library found. Skipping...
Delete micro_ros_stm32cubemx_utils/microros_static_library_ide/libmicroros/ for rebuild.
 
arm-none-eabi-gcc "../Core/Src/freertos.c" -mcpu=cortex-m3 -std=gnu11 -g3 -DDEBUG -DUSE_HAL_DRIVER -DSTM32F103xE -c -I../Core/Inc -I"/home/robsic/STM32CubeIDE/data_aquisition_cart_golf/data_velocity/Debug/../micro_ros_stm32cubemx_utils/microros_static_library_ide/libmicroros/include" -I../Drivers/STM32F1xx_HAL_Driver/Inc -I../Drivers/STM32F1xx_HAL_Driver/Inc/Legacy -I../Drivers/CMSIS/Device/ST/STM32F1xx/Include -I../Drivers/CMSIS/Include -I../Middlewares/Third_Party/FreeRTOS/Source/include -I../Middlewares/Third_Party/FreeRTOS/Source/CMSIS_RTOS_V2 -I../Middlewares/Third_Party/FreeRTOS/Source/portable/GCC/ARM_CM3 -O0 -ffunction-sections -fdata-sections -Wall -fstack-usage -MMD -MP -MF"Core/Src/freertos.d" -MT"Core/Src/freertos.o" --specs=nano.specs -mfloat-abi=soft -mthumb -o "Core/Src/freertos.o"
../Core/Src/freertos.c: In function 'golfinho_imu_timer_callback':
../Core/Src/freertos.c:1086:3: warning: implicit declaration of function 'clock_gettime' [-Wimplicit-function-declaration]
 1086 |   clock_gettime(CLOCK_REALTIME, &ts);
      |   ^~~~~~~~~~~~~
arm-none-eabi-gcc -o "data_velocity.elf" @"objects.list"  -lmicroros -mcpu=cortex-m3 -T"/home/robsic/STM32CubeIDE/data_aquisition_cart_golf/data_velocity/STM32F103RETX_FLASH.ld" --specs=nosys.specs -Wl,-Map="data_velocity.map" -Wl,--gc-sections -static -L"/home/robsic/STM32CubeIDE/data_aquisition_cart_golf/data_velocity/Debug/../micro_ros_stm32cubemx_utils/microros_static_library_ide/libmicroros" --specs=nano.specs -mfloat-abi=soft -mthumb -Wl,--start-group -lc -lm -Wl,--end-group
Finished building target: data_velocity.elf
 
arm-none-eabi-size   data_velocity.elf 
arm-none-eabi-objdump -h -S  data_velocity.elf  > "data_velocity.list"
arm-none-eabi-objcopy  -O binary  data_velocity.elf  "data_velocity.bin"
   text	   data	    bss	    dec	    hex	filename
 121668	    852	  61704	 184224	  2cfa0	data_velocity.elf
Finished building: default.size.stdout
 
Finished building: data_velocity.bin
 
Finished building: data_velocity.list
 
13:40:22 **** Incremental Build of configuration Debug for project data_velocity ****
make -j8 all 
docker run --rm -v "/home/robsic/STM32CubeIDE/data_aquisition_cart_golf/data_velocity":/project --env MICROROS_LIBRARY_FOLDER=micro_ros_stm32cubemx_utils/microros_static_library_ide microros/micro_ros_static_library_builder:foxy
micro-ROS library found. Skipping...
Delete micro_ros_stm32cubemx_utils/microros_static_library_ide/libmicroros/ for rebuild.
 
arm-none-eabi-gcc "../Core/Src/freertos.c" -mcpu=cortex-m3 -std=gnu11 -g3 -DDEBUG -DUSE_HAL_DRIVER -DSTM32F103xE -c -I../Core/Inc -I"/home/robsic/STM32CubeIDE/data_aquisition_cart_golf/data_velocity/Debug/../micro_ros_stm32cubemx_utils/microros_static_library_ide/libmicroros/include" -I../Drivers/STM32F1xx_HAL_Driver/Inc -I../Drivers/STM32F1xx_HAL_Driver/Inc/Legacy -I../Drivers/CMSIS/Device/ST/STM32F1xx/Include -I../Drivers/CMSIS/Include -I../Middlewares/Third_Party/FreeRTOS/Source/include -I../Middlewares/Third_Party/FreeRTOS/Source/CMSIS_RTOS_V2 -I../Middlewares/Third_Party/FreeRTOS/Source/portable/GCC/ARM_CM3 -O0 -ffunction-sections -fdata-sections -Wall -fstack-usage -MMD -MP -MF"Core/Src/freertos.d" -MT"Core/Src/freertos.o" --specs=nano.specs -mfloat-abi=soft -mthumb -o "Core/Src/freertos.o"
../Core/Src/freertos.c: In function 'golfinho_imu_timer_callback':
../Core/Src/freertos.c:1086:3: warning: implicit declaration of function 'clock_gettime' [-Wimplicit-function-declaration]
 1086 |   clock_gettime(CLOCK_REALTIME, &ts);
      |   ^~~~~~~~~~~~~
arm-none-eabi-gcc -o "data_velocity.elf" @"objects.list"  -lmicroros -mcpu=cortex-m3 -T"/home/robsic/STM32CubeIDE/data_aquisition_cart_golf/data_velocity/STM32F103RETX_FLASH.ld" --specs=nosys.specs -Wl,-Map="data_velocity.map" -Wl,--gc-sections -static -L"/home/robsic/STM32CubeIDE/data_aquisition_cart_golf/data_velocity/Debug/../micro_ros_stm32cubemx_utils/microros_static_library_ide/libmicroros" --specs=nano.specs -mfloat-abi=soft -mthumb -Wl,--start-group -lc -lm -Wl,--end-group
Finished building target: data_velocity.elf
 
arm-none-eabi-size   data_velocity.elf 
arm-none-eabi-objdump -h -S  data_velocity.elf  > "data_velocity.list"
arm-none-eabi-objcopy  -O binary  data_velocity.elf  "data_velocity.bin"
   text	   data	    bss	    dec	    hex	filename
 121780	    852	  61704	 184336	  2d010	data_velocity.elf
Finished building: default.size.stdout
 
Finished building: data_velocity.bin
 
Finished building: data_velocity.list
 
13:42:04 **** Incremental Build of configuration Debug for project data_velocity ****
make -j8 all 
docker run --rm -v "/home/robsic/STM32CubeIDE/data_aquisition_cart_golf/data_velocity":/project --env MICROROS_LIBRARY_FOLDER=micro_ros_stm32cubemx_utils/microros_static_library_ide microros/micro_ros_static_library_builder:foxy
micro-ROS library found. Skipping...
Delete micro_ros_stm32cubemx_utils/microros_static_library_ide/libmicroros/ for rebuild.
 
arm-none-eabi-gcc "../Core/Src/freertos.c" -mcpu=cortex-m3 -std=gnu11 -g3 -DDEBUG -DUSE_HAL_DRIVER -DSTM32F103xE -c -I../Core/Inc -I"/home/robsic/STM32CubeIDE/data_aquisition_cart_golf/data_velocity/Debug/../micro_ros_stm32cubemx_utils/microros_static_library_ide/libmicroros/include" -I../Drivers/STM32F1xx_HAL_Driver/Inc -I../Drivers/STM32F1xx_HAL_Driver/Inc/Legacy -I../Drivers/CMSIS/Device/ST/STM32F1xx/Include -I../Drivers/CMSIS/Include -I../Middlewares/Third_Party/FreeRTOS/Source/include -I../Middlewares/Third_Party/FreeRTOS/Source/CMSIS_RTOS_V2 -I../Middlewares/Third_Party/FreeRTOS/Source/portable/GCC/ARM_CM3 -O0 -ffunction-sections -fdata-sections -Wall -fstack-usage -MMD -MP -MF"Core/Src/freertos.d" -MT"Core/Src/freertos.o" --specs=nano.specs -mfloat-abi=soft -mthumb -o "Core/Src/freertos.o"
../Core/Src/freertos.c: In function 'golfinho_imu_timer_callback':
../Core/Src/freertos.c:1086:3: warning: implicit declaration of function 'clock_gettime' [-Wimplicit-function-declaration]
 1086 |   clock_gettime(CLOCK_REALTIME, &ts);
      |   ^~~~~~~~~~~~~
arm-none-eabi-gcc -o "data_velocity.elf" @"objects.list"  -lmicroros -mcpu=cortex-m3 -T"/home/robsic/STM32CubeIDE/data_aquisition_cart_golf/data_velocity/STM32F103RETX_FLASH.ld" --specs=nosys.specs -Wl,-Map="data_velocity.map" -Wl,--gc-sections -static -L"/home/robsic/STM32CubeIDE/data_aquisition_cart_golf/data_velocity/Debug/../micro_ros_stm32cubemx_utils/microros_static_library_ide/libmicroros" --specs=nano.specs -mfloat-abi=soft -mthumb -Wl,--start-group -lc -lm -Wl,--end-group
Finished building target: data_velocity.elf
 
arm-none-eabi-size   data_velocity.elf 
arm-none-eabi-objdump -h -S  data_velocity.elf  > "data_velocity.list"
arm-none-eabi-objcopy  -O binary  data_velocity.elf  "data_velocity.bin"
   text	   data	    bss	    dec	    hex	filename
 121764	    852	  61704	 184320	  2d000	data_velocity.elf
Finished building: default.size.stdout
 
Finished building: data_velocity.bin
 
Finished building: data_velocity.list
 
13:47:08 **** Incremental Build of configuration Debug for project data_velocity ****
make -j8 all 
docker run --rm -v "/home/robsic/STM32CubeIDE/data_aquisition_cart_golf/data_velocity":/project --env MICROROS_LIBRARY_FOLDER=micro_ros_stm32cubemx_utils/microros_static_library_ide microros/micro_ros_static_library_builder:foxy
micro-ROS library found. Skipping...
Delete micro_ros_stm32cubemx_utils/microros_static_library_ide/libmicroros/ for rebuild.
 
arm-none-eabi-gcc "../Core/Src/freertos.c" -mcpu=cortex-m3 -std=gnu11 -g3 -DDEBUG -DUSE_HAL_DRIVER -DSTM32F103xE -c -I../Core/Inc -I"/home/robsic/STM32CubeIDE/data_aquisition_cart_golf/data_velocity/Debug/../micro_ros_stm32cubemx_utils/microros_static_library_ide/libmicroros/include" -I../Drivers/STM32F1xx_HAL_Driver/Inc -I../Drivers/STM32F1xx_HAL_Driver/Inc/Legacy -I../Drivers/CMSIS/Device/ST/STM32F1xx/Include -I../Drivers/CMSIS/Include -I../Middlewares/Third_Party/FreeRTOS/Source/include -I../Middlewares/Third_Party/FreeRTOS/Source/CMSIS_RTOS_V2 -I../Middlewares/Third_Party/FreeRTOS/Source/portable/GCC/ARM_CM3 -O0 -ffunction-sections -fdata-sections -Wall -fstack-usage -MMD -MP -MF"Core/Src/freertos.d" -MT"Core/Src/freertos.o" --specs=nano.specs -mfloat-abi=soft -mthumb -o "Core/Src/freertos.o"
../Core/Src/freertos.c:717:1: error: unknown type name 'flloat'; did you mean 'float'?
  717 | flloat varenc;
      | ^~~~~~
      | float
../Core/Src/freertos.c: In function 'golfinho_imu_timer_callback':
../Core/Src/freertos.c:1087:3: warning: implicit declaration of function 'clock_gettime' [-Wimplicit-function-declaration]
 1087 |   clock_gettime(CLOCK_REALTIME, &ts);
      |   ^~~~~~~~~~~~~
make[1]: *** [Core/Src/subdir.mk:76: Core/Src/freertos.o] Error 1
make: *** [makefile:63: all] Error 2
"make -j8 all" terminated with exit code 2. Build might be incomplete.
13:47:20 **** Incremental Build of configuration Debug for project data_velocity ****
make -j8 all 
docker run --rm -v "/home/robsic/STM32CubeIDE/data_aquisition_cart_golf/data_velocity":/project --env MICROROS_LIBRARY_FOLDER=micro_ros_stm32cubemx_utils/microros_static_library_ide microros/micro_ros_static_library_builder:foxy
micro-ROS library found. Skipping...
Delete micro_ros_stm32cubemx_utils/microros_static_library_ide/libmicroros/ for rebuild.
 
arm-none-eabi-gcc "../Core/Src/freertos.c" -mcpu=cortex-m3 -std=gnu11 -g3 -DDEBUG -DUSE_HAL_DRIVER -DSTM32F103xE -c -I../Core/Inc -I"/home/robsic/STM32CubeIDE/data_aquisition_cart_golf/data_velocity/Debug/../micro_ros_stm32cubemx_utils/microros_static_library_ide/libmicroros/include" -I../Drivers/STM32F1xx_HAL_Driver/Inc -I../Drivers/STM32F1xx_HAL_Driver/Inc/Legacy -I../Drivers/CMSIS/Device/ST/STM32F1xx/Include -I../Drivers/CMSIS/Include -I../Middlewares/Third_Party/FreeRTOS/Source/include -I../Middlewares/Third_Party/FreeRTOS/Source/CMSIS_RTOS_V2 -I../Middlewares/Third_Party/FreeRTOS/Source/portable/GCC/ARM_CM3 -O0 -ffunction-sections -fdata-sections -Wall -fstack-usage -MMD -MP -MF"Core/Src/freertos.d" -MT"Core/Src/freertos.o" --specs=nano.specs -mfloat-abi=soft -mthumb -o "Core/Src/freertos.o"
../Core/Src/freertos.c: In function 'golfinho_imu_timer_callback':
../Core/Src/freertos.c:1087:3: warning: implicit declaration of function 'clock_gettime' [-Wimplicit-function-declaration]
 1087 |   clock_gettime(CLOCK_REALTIME, &ts);
      |   ^~~~~~~~~~~~~
arm-none-eabi-gcc -o "data_velocity.elf" @"objects.list"  -lmicroros -mcpu=cortex-m3 -T"/home/robsic/STM32CubeIDE/data_aquisition_cart_golf/data_velocity/STM32F103RETX_FLASH.ld" --specs=nosys.specs -Wl,-Map="data_velocity.map" -Wl,--gc-sections -static -L"/home/robsic/STM32CubeIDE/data_aquisition_cart_golf/data_velocity/Debug/../micro_ros_stm32cubemx_utils/microros_static_library_ide/libmicroros" --specs=nano.specs -mfloat-abi=soft -mthumb -Wl,--start-group -lc -lm -Wl,--end-group
Finished building target: data_velocity.elf
 
arm-none-eabi-size   data_velocity.elf 
arm-none-eabi-objdump -h -S  data_velocity.elf  > "data_velocity.list"
arm-none-eabi-objcopy  -O binary  data_velocity.elf  "data_velocity.bin"
   text	   data	    bss	    dec	    hex	filename
 121812	    852	  61704	 184368	  2d030	data_velocity.elf
Finished building: default.size.stdout
 
Finished building: data_velocity.bin
 
Finished building: data_velocity.list
 
13:48:49 **** Incremental Build of configuration Debug for project data_velocity ****
make -j8 all 
docker run --rm -v "/home/robsic/STM32CubeIDE/data_aquisition_cart_golf/data_velocity":/project --env MICROROS_LIBRARY_FOLDER=micro_ros_stm32cubemx_utils/microros_static_library_ide microros/micro_ros_static_library_builder:foxy
micro-ROS library found. Skipping...
Delete micro_ros_stm32cubemx_utils/microros_static_library_ide/libmicroros/ for rebuild.
 
arm-none-eabi-gcc "../Core/Src/freertos.c" -mcpu=cortex-m3 -std=gnu11 -g3 -DDEBUG -DUSE_HAL_DRIVER -DSTM32F103xE -c -I../Core/Inc -I"/home/robsic/STM32CubeIDE/data_aquisition_cart_golf/data_velocity/Debug/../micro_ros_stm32cubemx_utils/microros_static_library_ide/libmicroros/include" -I../Drivers/STM32F1xx_HAL_Driver/Inc -I../Drivers/STM32F1xx_HAL_Driver/Inc/Legacy -I../Drivers/CMSIS/Device/ST/STM32F1xx/Include -I../Drivers/CMSIS/Include -I../Middlewares/Third_Party/FreeRTOS/Source/include -I../Middlewares/Third_Party/FreeRTOS/Source/CMSIS_RTOS_V2 -I../Middlewares/Third_Party/FreeRTOS/Source/portable/GCC/ARM_CM3 -O0 -ffunction-sections -fdata-sections -Wall -fstack-usage -MMD -MP -MF"Core/Src/freertos.d" -MT"Core/Src/freertos.o" --specs=nano.specs -mfloat-abi=soft -mthumb -o "Core/Src/freertos.o"
../Core/Src/freertos.c: In function 'golfinho_imu_timer_callback':
../Core/Src/freertos.c:1086:3: warning: implicit declaration of function 'clock_gettime' [-Wimplicit-function-declaration]
 1086 |   clock_gettime(CLOCK_REALTIME, &ts);
      |   ^~~~~~~~~~~~~
arm-none-eabi-gcc -o "data_velocity.elf" @"objects.list"  -lmicroros -mcpu=cortex-m3 -T"/home/robsic/STM32CubeIDE/data_aquisition_cart_golf/data_velocity/STM32F103RETX_FLASH.ld" --specs=nosys.specs -Wl,-Map="data_velocity.map" -Wl,--gc-sections -static -L"/home/robsic/STM32CubeIDE/data_aquisition_cart_golf/data_velocity/Debug/../micro_ros_stm32cubemx_utils/microros_static_library_ide/libmicroros" --specs=nano.specs -mfloat-abi=soft -mthumb -Wl,--start-group -lc -lm -Wl,--end-group
Finished building target: data_velocity.elf
 
arm-none-eabi-size   data_velocity.elf 
arm-none-eabi-objdump -h -S  data_velocity.elf  > "data_velocity.list"
arm-none-eabi-objcopy  -O binary  data_velocity.elf  "data_velocity.bin"
   text	   data	    bss	    dec	    hex	filename
 121780	    852	  61704	 184336	  2d010	data_velocity.elf
Finished building: default.size.stdout
 
Finished building: data_velocity.bin
 
Finished building: data_velocity.list
 
13:54:09 **** Incremental Build of configuration Debug for project data_velocity ****
make -j8 all 
docker run --rm -v "/home/robsic/STM32CubeIDE/data_aquisition_cart_golf/data_velocity":/project --env MICROROS_LIBRARY_FOLDER=micro_ros_stm32cubemx_utils/microros_static_library_ide microros/micro_ros_static_library_builder:foxy
micro-ROS library found. Skipping...
Delete micro_ros_stm32cubemx_utils/microros_static_library_ide/libmicroros/ for rebuild.
 
arm-none-eabi-gcc "../Core/Src/freertos.c" -mcpu=cortex-m3 -std=gnu11 -g3 -DDEBUG -DUSE_HAL_DRIVER -DSTM32F103xE -c -I../Core/Inc -I"/home/robsic/STM32CubeIDE/data_aquisition_cart_golf/data_velocity/Debug/../micro_ros_stm32cubemx_utils/microros_static_library_ide/libmicroros/include" -I../Drivers/STM32F1xx_HAL_Driver/Inc -I../Drivers/STM32F1xx_HAL_Driver/Inc/Legacy -I../Drivers/CMSIS/Device/ST/STM32F1xx/Include -I../Drivers/CMSIS/Include -I../Middlewares/Third_Party/FreeRTOS/Source/include -I../Middlewares/Third_Party/FreeRTOS/Source/CMSIS_RTOS_V2 -I../Middlewares/Third_Party/FreeRTOS/Source/portable/GCC/ARM_CM3 -O0 -ffunction-sections -fdata-sections -Wall -fstack-usage -MMD -MP -MF"Core/Src/freertos.d" -MT"Core/Src/freertos.o" --specs=nano.specs -mfloat-abi=soft -mthumb -o "Core/Src/freertos.o"
../Core/Src/freertos.c: In function 'golfinho_imu_timer_callback':
../Core/Src/freertos.c:1086:3: warning: implicit declaration of function 'clock_gettime' [-Wimplicit-function-declaration]
 1086 |   clock_gettime(CLOCK_REALTIME, &ts);
      |   ^~~~~~~~~~~~~
arm-none-eabi-gcc -o "data_velocity.elf" @"objects.list"  -lmicroros -mcpu=cortex-m3 -T"/home/robsic/STM32CubeIDE/data_aquisition_cart_golf/data_velocity/STM32F103RETX_FLASH.ld" --specs=nosys.specs -Wl,-Map="data_velocity.map" -Wl,--gc-sections -static -L"/home/robsic/STM32CubeIDE/data_aquisition_cart_golf/data_velocity/Debug/../micro_ros_stm32cubemx_utils/microros_static_library_ide/libmicroros" --specs=nano.specs -mfloat-abi=soft -mthumb -Wl,--start-group -lc -lm -Wl,--end-group
Finished building target: data_velocity.elf
 
arm-none-eabi-size   data_velocity.elf 
arm-none-eabi-objdump -h -S  data_velocity.elf  > "data_velocity.list"
arm-none-eabi-objcopy  -O binary  data_velocity.elf  "data_velocity.bin"
   text	   data	    bss	    dec	    hex	filename
 121812	    852	  61704	 184368	  2d030	data_velocity.elf
Finished building: default.size.stdout
 
Finished building: data_velocity.bin
 
Finished building: data_velocity.list
 
13:54:47 **** Incremental Build of configuration Debug for project data_velocity ****
make -j8 all 
docker run --rm -v "/home/robsic/STM32CubeIDE/data_aquisition_cart_golf/data_velocity":/project --env MICROROS_LIBRARY_FOLDER=micro_ros_stm32cubemx_utils/microros_static_library_ide microros/micro_ros_static_library_builder:foxy
micro-ROS library found. Skipping...
Delete micro_ros_stm32cubemx_utils/microros_static_library_ide/libmicroros/ for rebuild.
 
arm-none-eabi-gcc "../Core/Src/freertos.c" -mcpu=cortex-m3 -std=gnu11 -g3 -DDEBUG -DUSE_HAL_DRIVER -DSTM32F103xE -c -I../Core/Inc -I"/home/robsic/STM32CubeIDE/data_aquisition_cart_golf/data_velocity/Debug/../micro_ros_stm32cubemx_utils/microros_static_library_ide/libmicroros/include" -I../Drivers/STM32F1xx_HAL_Driver/Inc -I../Drivers/STM32F1xx_HAL_Driver/Inc/Legacy -I../Drivers/CMSIS/Device/ST/STM32F1xx/Include -I../Drivers/CMSIS/Include -I../Middlewares/Third_Party/FreeRTOS/Source/include -I../Middlewares/Third_Party/FreeRTOS/Source/CMSIS_RTOS_V2 -I../Middlewares/Third_Party/FreeRTOS/Source/portable/GCC/ARM_CM3 -O0 -ffunction-sections -fdata-sections -Wall -fstack-usage -MMD -MP -MF"Core/Src/freertos.d" -MT"Core/Src/freertos.o" --specs=nano.specs -mfloat-abi=soft -mthumb -o "Core/Src/freertos.o"
../Core/Src/freertos.c: In function 'golfinho_imu_timer_callback':
../Core/Src/freertos.c:1086:3: warning: implicit declaration of function 'clock_gettime' [-Wimplicit-function-declaration]
 1086 |   clock_gettime(CLOCK_REALTIME, &ts);
      |   ^~~~~~~~~~~~~
arm-none-eabi-gcc -o "data_velocity.elf" @"objects.list"  -lmicroros -mcpu=cortex-m3 -T"/home/robsic/STM32CubeIDE/data_aquisition_cart_golf/data_velocity/STM32F103RETX_FLASH.ld" --specs=nosys.specs -Wl,-Map="data_velocity.map" -Wl,--gc-sections -static -L"/home/robsic/STM32CubeIDE/data_aquisition_cart_golf/data_velocity/Debug/../micro_ros_stm32cubemx_utils/microros_static_library_ide/libmicroros" --specs=nano.specs -mfloat-abi=soft -mthumb -Wl,--start-group -lc -lm -Wl,--end-group
Finished building target: data_velocity.elf
 
arm-none-eabi-size   data_velocity.elf 
arm-none-eabi-objdump -h -S  data_velocity.elf  > "data_velocity.list"
arm-none-eabi-objcopy  -O binary  data_velocity.elf  "data_velocity.bin"
   text	   data	    bss	    dec	    hex	filename
 121812	    852	  61704	 184368	  2d030	data_velocity.elf
Finished building: default.size.stdout
 
Finished building: data_velocity.bin
 
Finished building: data_velocity.list
 
13:56:42 **** Incremental Build of configuration Debug for project data_velocity ****
make -j8 all 
docker run --rm -v "/home/robsic/STM32CubeIDE/data_aquisition_cart_golf/data_velocity":/project --env MICROROS_LIBRARY_FOLDER=micro_ros_stm32cubemx_utils/microros_static_library_ide microros/micro_ros_static_library_builder:foxy
micro-ROS library found. Skipping...
Delete micro_ros_stm32cubemx_utils/microros_static_library_ide/libmicroros/ for rebuild.
 
arm-none-eabi-gcc "../Core/Src/freertos.c" -mcpu=cortex-m3 -std=gnu11 -g3 -DDEBUG -DUSE_HAL_DRIVER -DSTM32F103xE -c -I../Core/Inc -I"/home/robsic/STM32CubeIDE/data_aquisition_cart_golf/data_velocity/Debug/../micro_ros_stm32cubemx_utils/microros_static_library_ide/libmicroros/include" -I../Drivers/STM32F1xx_HAL_Driver/Inc -I../Drivers/STM32F1xx_HAL_Driver/Inc/Legacy -I../Drivers/CMSIS/Device/ST/STM32F1xx/Include -I../Drivers/CMSIS/Include -I../Middlewares/Third_Party/FreeRTOS/Source/include -I../Middlewares/Third_Party/FreeRTOS/Source/CMSIS_RTOS_V2 -I../Middlewares/Third_Party/FreeRTOS/Source/portable/GCC/ARM_CM3 -O0 -ffunction-sections -fdata-sections -Wall -fstack-usage -MMD -MP -MF"Core/Src/freertos.d" -MT"Core/Src/freertos.o" --specs=nano.specs -mfloat-abi=soft -mthumb -o "Core/Src/freertos.o"
../Core/Src/freertos.c: In function 'golfinho_imu_timer_callback':
../Core/Src/freertos.c:1086:3: warning: implicit declaration of function 'clock_gettime' [-Wimplicit-function-declaration]
 1086 |   clock_gettime(CLOCK_REALTIME, &ts);
      |   ^~~~~~~~~~~~~
arm-none-eabi-gcc -o "data_velocity.elf" @"objects.list"  -lmicroros -mcpu=cortex-m3 -T"/home/robsic/STM32CubeIDE/data_aquisition_cart_golf/data_velocity/STM32F103RETX_FLASH.ld" --specs=nosys.specs -Wl,-Map="data_velocity.map" -Wl,--gc-sections -static -L"/home/robsic/STM32CubeIDE/data_aquisition_cart_golf/data_velocity/Debug/../micro_ros_stm32cubemx_utils/microros_static_library_ide/libmicroros" --specs=nano.specs -mfloat-abi=soft -mthumb -Wl,--start-group -lc -lm -Wl,--end-group
Finished building target: data_velocity.elf
 
arm-none-eabi-size   data_velocity.elf 
arm-none-eabi-objdump -h -S  data_velocity.elf  > "data_velocity.list"
arm-none-eabi-objcopy  -O binary  data_velocity.elf  "data_velocity.bin"
   text	   data	    bss	    dec	    hex	filename
 121780	    852	  61704	 184336	  2d010	data_velocity.elf
Finished building: default.size.stdout
 
Finished building: data_velocity.bin
 
Finished building: data_velocity.list
 
14:10:59 **** Incremental Build of configuration Debug for project data_velocity ****
make -j8 all 
docker run --rm -v "/home/robsic/STM32CubeIDE/data_aquisition_cart_golf/data_velocity":/project --env MICROROS_LIBRARY_FOLDER=micro_ros_stm32cubemx_utils/microros_static_library_ide microros/micro_ros_static_library_builder:foxy
micro-ROS library found. Skipping...
Delete micro_ros_stm32cubemx_utils/microros_static_library_ide/libmicroros/ for rebuild.
 
arm-none-eabi-gcc "../Core/Src/freertos.c" -mcpu=cortex-m3 -std=gnu11 -g3 -DDEBUG -DUSE_HAL_DRIVER -DSTM32F103xE -c -I../Core/Inc -I"/home/robsic/STM32CubeIDE/data_aquisition_cart_golf/data_velocity/Debug/../micro_ros_stm32cubemx_utils/microros_static_library_ide/libmicroros/include" -I../Drivers/STM32F1xx_HAL_Driver/Inc -I../Drivers/STM32F1xx_HAL_Driver/Inc/Legacy -I../Drivers/CMSIS/Device/ST/STM32F1xx/Include -I../Drivers/CMSIS/Include -I../Middlewares/Third_Party/FreeRTOS/Source/include -I../Middlewares/Third_Party/FreeRTOS/Source/CMSIS_RTOS_V2 -I../Middlewares/Third_Party/FreeRTOS/Source/portable/GCC/ARM_CM3 -O0 -ffunction-sections -fdata-sections -Wall -fstack-usage -MMD -MP -MF"Core/Src/freertos.d" -MT"Core/Src/freertos.o" --specs=nano.specs -mfloat-abi=soft -mthumb -o "Core/Src/freertos.o"
../Core/Src/freertos.c: In function 'golfinho_imu_timer_callback':
../Core/Src/freertos.c:1086:3: warning: implicit declaration of function 'clock_gettime' [-Wimplicit-function-declaration]
 1086 |   clock_gettime(CLOCK_REALTIME, &ts);
      |   ^~~~~~~~~~~~~
arm-none-eabi-gcc -o "data_velocity.elf" @"objects.list"  -lmicroros -mcpu=cortex-m3 -T"/home/robsic/STM32CubeIDE/data_aquisition_cart_golf/data_velocity/STM32F103RETX_FLASH.ld" --specs=nosys.specs -Wl,-Map="data_velocity.map" -Wl,--gc-sections -static -L"/home/robsic/STM32CubeIDE/data_aquisition_cart_golf/data_velocity/Debug/../micro_ros_stm32cubemx_utils/microros_static_library_ide/libmicroros" --specs=nano.specs -mfloat-abi=soft -mthumb -Wl,--start-group -lc -lm -Wl,--end-group
Finished building target: data_velocity.elf
 
arm-none-eabi-size   data_velocity.elf 
arm-none-eabi-objdump -h -S  data_velocity.elf  > "data_velocity.list"
arm-none-eabi-objcopy  -O binary  data_velocity.elf  "data_velocity.bin"
   text	   data	    bss	    dec	    hex	filename
 121812	    852	  61704	 184368	  2d030	data_velocity.elf
Finished building: default.size.stdout
 
Finished building: data_velocity.bin
 
Finished building: data_velocity.list
 
14:20:15 **** Incremental Build of configuration Debug for project data_velocity ****
make -j8 all 
docker run --rm -v "/home/robsic/STM32CubeIDE/data_aquisition_cart_golf/data_velocity":/project --env MICROROS_LIBRARY_FOLDER=micro_ros_stm32cubemx_utils/microros_static_library_ide microros/micro_ros_static_library_builder:foxy
micro-ROS library found. Skipping...
Delete micro_ros_stm32cubemx_utils/microros_static_library_ide/libmicroros/ for rebuild.
 
arm-none-eabi-gcc "../Core/Src/freertos.c" -mcpu=cortex-m3 -std=gnu11 -g3 -DDEBUG -DUSE_HAL_DRIVER -DSTM32F103xE -c -I../Core/Inc -I"/home/robsic/STM32CubeIDE/data_aquisition_cart_golf/data_velocity/Debug/../micro_ros_stm32cubemx_utils/microros_static_library_ide/libmicroros/include" -I../Drivers/STM32F1xx_HAL_Driver/Inc -I../Drivers/STM32F1xx_HAL_Driver/Inc/Legacy -I../Drivers/CMSIS/Device/ST/STM32F1xx/Include -I../Drivers/CMSIS/Include -I../Middlewares/Third_Party/FreeRTOS/Source/include -I../Middlewares/Third_Party/FreeRTOS/Source/CMSIS_RTOS_V2 -I../Middlewares/Third_Party/FreeRTOS/Source/portable/GCC/ARM_CM3 -O0 -ffunction-sections -fdata-sections -Wall -fstack-usage -MMD -MP -MF"Core/Src/freertos.d" -MT"Core/Src/freertos.o" --specs=nano.specs -mfloat-abi=soft -mthumb -o "Core/Src/freertos.o"
../Core/Src/freertos.c: In function 'golfinho_imu_timer_callback':
../Core/Src/freertos.c:1086:3: warning: implicit declaration of function 'clock_gettime' [-Wimplicit-function-declaration]
 1086 |   clock_gettime(CLOCK_REALTIME, &ts);
      |   ^~~~~~~~~~~~~
arm-none-eabi-gcc -o "data_velocity.elf" @"objects.list"  -lmicroros -mcpu=cortex-m3 -T"/home/robsic/STM32CubeIDE/data_aquisition_cart_golf/data_velocity/STM32F103RETX_FLASH.ld" --specs=nosys.specs -Wl,-Map="data_velocity.map" -Wl,--gc-sections -static -L"/home/robsic/STM32CubeIDE/data_aquisition_cart_golf/data_velocity/Debug/../micro_ros_stm32cubemx_utils/microros_static_library_ide/libmicroros" --specs=nano.specs -mfloat-abi=soft -mthumb -Wl,--start-group -lc -lm -Wl,--end-group
Finished building target: data_velocity.elf
 
arm-none-eabi-size   data_velocity.elf 
arm-none-eabi-objdump -h -S  data_velocity.elf  > "data_velocity.list"
arm-none-eabi-objcopy  -O binary  data_velocity.elf  "data_velocity.bin"
   text	   data	    bss	    dec	    hex	filename
 121812	    852	  61704	 184368	  2d030	data_velocity.elf
Finished building: default.size.stdout
 
Finished building: data_velocity.bin
 
Finished building: data_velocity.list
 
14:21:17 **** Incremental Build of configuration Debug for project data_velocity ****
make -j8 all 
docker run --rm -v "/home/robsic/STM32CubeIDE/data_aquisition_cart_golf/data_velocity":/project --env MICROROS_LIBRARY_FOLDER=micro_ros_stm32cubemx_utils/microros_static_library_ide microros/micro_ros_static_library_builder:foxy
micro-ROS library found. Skipping...
Delete micro_ros_stm32cubemx_utils/microros_static_library_ide/libmicroros/ for rebuild.
 
arm-none-eabi-gcc "../Core/Src/freertos.c" -mcpu=cortex-m3 -std=gnu11 -g3 -DDEBUG -DUSE_HAL_DRIVER -DSTM32F103xE -c -I../Core/Inc -I"/home/robsic/STM32CubeIDE/data_aquisition_cart_golf/data_velocity/Debug/../micro_ros_stm32cubemx_utils/microros_static_library_ide/libmicroros/include" -I../Drivers/STM32F1xx_HAL_Driver/Inc -I../Drivers/STM32F1xx_HAL_Driver/Inc/Legacy -I../Drivers/CMSIS/Device/ST/STM32F1xx/Include -I../Drivers/CMSIS/Include -I../Middlewares/Third_Party/FreeRTOS/Source/include -I../Middlewares/Third_Party/FreeRTOS/Source/CMSIS_RTOS_V2 -I../Middlewares/Third_Party/FreeRTOS/Source/portable/GCC/ARM_CM3 -O0 -ffunction-sections -fdata-sections -Wall -fstack-usage -MMD -MP -MF"Core/Src/freertos.d" -MT"Core/Src/freertos.o" --specs=nano.specs -mfloat-abi=soft -mthumb -o "Core/Src/freertos.o"
../Core/Src/freertos.c: In function 'golfinho_imu_timer_callback':
../Core/Src/freertos.c:1086:3: warning: implicit declaration of function 'clock_gettime' [-Wimplicit-function-declaration]
 1086 |   clock_gettime(CLOCK_REALTIME, &ts);
      |   ^~~~~~~~~~~~~
arm-none-eabi-gcc -o "data_velocity.elf" @"objects.list"  -lmicroros -mcpu=cortex-m3 -T"/home/robsic/STM32CubeIDE/data_aquisition_cart_golf/data_velocity/STM32F103RETX_FLASH.ld" --specs=nosys.specs -Wl,-Map="data_velocity.map" -Wl,--gc-sections -static -L"/home/robsic/STM32CubeIDE/data_aquisition_cart_golf/data_velocity/Debug/../micro_ros_stm32cubemx_utils/microros_static_library_ide/libmicroros" --specs=nano.specs -mfloat-abi=soft -mthumb -Wl,--start-group -lc -lm -Wl,--end-group
Finished building target: data_velocity.elf
 
arm-none-eabi-size   data_velocity.elf 
arm-none-eabi-objdump -h -S  data_velocity.elf  > "data_velocity.list"
arm-none-eabi-objcopy  -O binary  data_velocity.elf  "data_velocity.bin"
   text	   data	    bss	    dec	    hex	filename
 121796	    852	  61704	 184352	  2d020	data_velocity.elf
Finished building: default.size.stdout
 
Finished building: data_velocity.bin
 
Finished building: data_velocity.list
 
14:26:23 **** Incremental Build of configuration Debug for project data_velocity ****
make -j8 all 
docker run --rm -v "/home/robsic/STM32CubeIDE/data_aquisition_cart_golf/data_velocity":/project --env MICROROS_LIBRARY_FOLDER=micro_ros_stm32cubemx_utils/microros_static_library_ide microros/micro_ros_static_library_builder:foxy
micro-ROS library found. Skipping...
Delete micro_ros_stm32cubemx_utils/microros_static_library_ide/libmicroros/ for rebuild.
 
arm-none-eabi-gcc "../Core/Src/freertos.c" -mcpu=cortex-m3 -std=gnu11 -g3 -DDEBUG -DUSE_HAL_DRIVER -DSTM32F103xE -c -I../Core/Inc -I"/home/robsic/STM32CubeIDE/data_aquisition_cart_golf/data_velocity/Debug/../micro_ros_stm32cubemx_utils/microros_static_library_ide/libmicroros/include" -I../Drivers/STM32F1xx_HAL_Driver/Inc -I../Drivers/STM32F1xx_HAL_Driver/Inc/Legacy -I../Drivers/CMSIS/Device/ST/STM32F1xx/Include -I../Drivers/CMSIS/Include -I../Middlewares/Third_Party/FreeRTOS/Source/include -I../Middlewares/Third_Party/FreeRTOS/Source/CMSIS_RTOS_V2 -I../Middlewares/Third_Party/FreeRTOS/Source/portable/GCC/ARM_CM3 -O0 -ffunction-sections -fdata-sections -Wall -fstack-usage -MMD -MP -MF"Core/Src/freertos.d" -MT"Core/Src/freertos.o" --specs=nano.specs -mfloat-abi=soft -mthumb -o "Core/Src/freertos.o"
../Core/Src/freertos.c: In function 'golfinho_imu_timer_callback':
../Core/Src/freertos.c:1086:3: warning: implicit declaration of function 'clock_gettime' [-Wimplicit-function-declaration]
 1086 |   clock_gettime(CLOCK_REALTIME, &ts);
      |   ^~~~~~~~~~~~~
arm-none-eabi-gcc -o "data_velocity.elf" @"objects.list"  -lmicroros -mcpu=cortex-m3 -T"/home/robsic/STM32CubeIDE/data_aquisition_cart_golf/data_velocity/STM32F103RETX_FLASH.ld" --specs=nosys.specs -Wl,-Map="data_velocity.map" -Wl,--gc-sections -static -L"/home/robsic/STM32CubeIDE/data_aquisition_cart_golf/data_velocity/Debug/../micro_ros_stm32cubemx_utils/microros_static_library_ide/libmicroros" --specs=nano.specs -mfloat-abi=soft -mthumb -Wl,--start-group -lc -lm -Wl,--end-group
Finished building target: data_velocity.elf
 
arm-none-eabi-size   data_velocity.elf 
arm-none-eabi-objdump -h -S  data_velocity.elf  > "data_velocity.list"
[...]
make: *** [makefile:63: all] Error 2
"make -j8 all" terminated with exit code 2. Build might be incomplete.
14:44:18 **** Incremental Build of configuration Debug for project data_velocity ****
make -j8 all 
docker run --rm -v "/home/robsic/STM32CubeIDE/data_aquisition_cart_golf/data_velocity":/project --env MICROROS_LIBRARY_FOLDER=micro_ros_stm32cubemx_utils/microros_static_library_ide microros/micro_ros_static_library_builder:foxy
micro-ROS library found. Skipping...
Delete micro_ros_stm32cubemx_utils/microros_static_library_ide/libmicroros/ for rebuild.
 
arm-none-eabi-gcc "../Core/Src/freertos.c" -mcpu=cortex-m3 -std=gnu11 -g3 -DDEBUG -DUSE_HAL_DRIVER -DSTM32F103xE -c -I../Core/Inc -I"/home/robsic/STM32CubeIDE/data_aquisition_cart_golf/data_velocity/Debug/../micro_ros_stm32cubemx_utils/microros_static_library_ide/libmicroros/include" -I../Drivers/STM32F1xx_HAL_Driver/Inc -I../Drivers/STM32F1xx_HAL_Driver/Inc/Legacy -I../Drivers/CMSIS/Device/ST/STM32F1xx/Include -I../Drivers/CMSIS/Include -I../Middlewares/Third_Party/FreeRTOS/Source/include -I../Middlewares/Third_Party/FreeRTOS/Source/CMSIS_RTOS_V2 -I../Middlewares/Third_Party/FreeRTOS/Source/portable/GCC/ARM_CM3 -O0 -ffunction-sections -fdata-sections -Wall -fstack-usage -MMD -MP -MF"Core/Src/freertos.d" -MT"Core/Src/freertos.o" --specs=nano.specs -mfloat-abi=soft -mthumb -o "Core/Src/freertos.o"
../Core/Src/freertos.c: In function 'golfinho_imu_timer_callback':
../Core/Src/freertos.c:1086:3: warning: implicit declaration of function 'clock_gettime' [-Wimplicit-function-declaration]
 1086 |   clock_gettime(CLOCK_REALTIME, &ts);
      |   ^~~~~~~~~~~~~
arm-none-eabi-gcc -o "data_velocity.elf" @"objects.list"  -lmicroros -mcpu=cortex-m3 -T"/home/robsic/STM32CubeIDE/data_aquisition_cart_golf/data_velocity/STM32F103RETX_FLASH.ld" --specs=nosys.specs -Wl,-Map="data_velocity.map" -Wl,--gc-sections -static -L"/home/robsic/STM32CubeIDE/data_aquisition_cart_golf/data_velocity/Debug/../micro_ros_stm32cubemx_utils/microros_static_library_ide/libmicroros" --specs=nano.specs -mfloat-abi=soft -mthumb -Wl,--start-group -lc -lm -Wl,--end-group
Finished building target: data_velocity.elf
 
arm-none-eabi-size   data_velocity.elf 
arm-none-eabi-objdump -h -S  data_velocity.elf  > "data_velocity.list"
arm-none-eabi-objcopy  -O binary  data_velocity.elf  "data_velocity.bin"
   text	   data	    bss	    dec	    hex	filename
 121812	    852	  61704	 184368	  2d030	data_velocity.elf
Finished building: default.size.stdout
 
Finished building: data_velocity.bin
 
Finished building: data_velocity.list
 
13:11:23 **** Incremental Build of configuration Debug for project data_velocity ****
make -j8 all 
docker run --rm -v "/home/robsic/STM32CubeIDE/data_aquisition_cart_golf/data_velocity":/project --env MICROROS_LIBRARY_FOLDER=micro_ros_stm32cubemx_utils/microros_static_library_ide microros/micro_ros_static_library_builder:foxy
micro-ROS library found. Skipping...
Delete micro_ros_stm32cubemx_utils/microros_static_library_ide/libmicroros/ for rebuild.
 
arm-none-eabi-size   data_velocity.elf 
   text	   data	    bss	    dec	    hex	filename
 121812	    852	  61704	 184368	  2d030	data_velocity.elf
Finished building: default.size.stdout
 
13:12:10 **** Incremental Build of configuration Debug for project data_velocity ****
make -j8 all 
docker run --rm -v "/home/robsic/STM32CubeIDE/data_aquisition_cart_golf/data_velocity":/project --env MICROROS_LIBRARY_FOLDER=micro_ros_stm32cubemx_utils/microros_static_library_ide microros/micro_ros_static_library_builder:foxy
micro-ROS library found. Skipping...
Delete micro_ros_stm32cubemx_utils/microros_static_library_ide/libmicroros/ for rebuild.
 
arm-none-eabi-size   data_velocity.elf 
   text	   data	    bss	    dec	    hex	filename
 121812	    852	  61704	 184368	  2d030	data_velocity.elf
Finished building: default.size.stdout
 
13:20:11 **** Incremental Build of configuration Debug for project data_velocity ****
make -j8 all 
docker run --rm -v "/home/robsic/STM32CubeIDE/data_aquisition_cart_golf/data_velocity":/project --env MICROROS_LIBRARY_FOLDER=micro_ros_stm32cubemx_utils/microros_static_library_ide microros/micro_ros_static_library_builder:foxy
micro-ROS library found. Skipping...
Delete micro_ros_stm32cubemx_utils/microros_static_library_ide/libmicroros/ for rebuild.
 
arm-none-eabi-gcc "../Core/Src/freertos.c" -mcpu=cortex-m3 -std=gnu11 -g3 -DDEBUG -DUSE_HAL_DRIVER -DSTM32F103xE -c -I../Core/Inc -I"/home/robsic/STM32CubeIDE/data_aquisition_cart_golf/data_velocity/Debug/../micro_ros_stm32cubemx_utils/microros_static_library_ide/libmicroros/include" -I../Drivers/STM32F1xx_HAL_Driver/Inc -I../Drivers/STM32F1xx_HAL_Driver/Inc/Legacy -I../Drivers/CMSIS/Device/ST/STM32F1xx/Include -I../Drivers/CMSIS/Include -I../Middlewares/Third_Party/FreeRTOS/Source/include -I../Middlewares/Third_Party/FreeRTOS/Source/CMSIS_RTOS_V2 -I../Middlewares/Third_Party/FreeRTOS/Source/portable/GCC/ARM_CM3 -O0 -ffunction-sections -fdata-sections -Wall -fstack-usage -MMD -MP -MF"Core/Src/freertos.d" -MT"Core/Src/freertos.o" --specs=nano.specs -mfloat-abi=soft -mthumb -o "Core/Src/freertos.o"
../Core/Src/freertos.c: In function 'golfinho_imu_timer_callback':
../Core/Src/freertos.c:1086:3: warning: implicit declaration of function 'clock_gettime' [-Wimplicit-function-declaration]
 1086 |   clock_gettime(CLOCK_REALTIME, &ts);
      |   ^~~~~~~~~~~~~
arm-none-eabi-gcc -o "data_velocity.elf" @"objects.list"  -lmicroros -mcpu=cortex-m3 -T"/home/robsic/STM32CubeIDE/data_aquisition_cart_golf/data_velocity/STM32F103RETX_FLASH.ld" --specs=nosys.specs -Wl,-Map="data_velocity.map" -Wl,--gc-sections -static -L"/home/robsic/STM32CubeIDE/data_aquisition_cart_golf/data_velocity/Debug/../micro_ros_stm32cubemx_utils/microros_static_library_ide/libmicroros" --specs=nano.specs -mfloat-abi=soft -mthumb -Wl,--start-group -lc -lm -Wl,--end-group
Finished building target: data_velocity.elf
 
arm-none-eabi-size   data_velocity.elf 
arm-none-eabi-objdump -h -S  data_velocity.elf  > "data_velocity.list"
arm-none-eabi-objcopy  -O binary  data_velocity.elf  "data_velocity.bin"
   text	   data	    bss	    dec	    hex	filename
 121796	    852	  61704	 184352	  2d020	data_velocity.elf
Finished building: default.size.stdout
 
Finished building: data_velocity.bin
 
Finished building: data_velocity.list
 
13:21:12 **** Incremental Build of configuration Debug for project data_velocity ****
make -j8 all 
docker run --rm -v "/home/robsic/STM32CubeIDE/data_aquisition_cart_golf/data_velocity":/project --env MICROROS_LIBRARY_FOLDER=micro_ros_stm32cubemx_utils/microros_static_library_ide microros/micro_ros_static_library_builder:foxy
micro-ROS library found. Skipping...
Delete micro_ros_stm32cubemx_utils/microros_static_library_ide/libmicroros/ for rebuild.
 
arm-none-eabi-gcc "../Core/Src/freertos.c" -mcpu=cortex-m3 -std=gnu11 -g3 -DDEBUG -DUSE_HAL_DRIVER -DSTM32F103xE -c -I../Core/Inc -I"/home/robsic/STM32CubeIDE/data_aquisition_cart_golf/data_velocity/Debug/../micro_ros_stm32cubemx_utils/microros_static_library_ide/libmicroros/include" -I../Drivers/STM32F1xx_HAL_Driver/Inc -I../Drivers/STM32F1xx_HAL_Driver/Inc/Legacy -I../Drivers/CMSIS/Device/ST/STM32F1xx/Include -I../Drivers/CMSIS/Include -I../Middlewares/Third_Party/FreeRTOS/Source/include -I../Middlewares/Third_Party/FreeRTOS/Source/CMSIS_RTOS_V2 -I../Middlewares/Third_Party/FreeRTOS/Source/portable/GCC/ARM_CM3 -O0 -ffunction-sections -fdata-sections -Wall -fstack-usage -MMD -MP -MF"Core/Src/freertos.d" -MT"Core/Src/freertos.o" --specs=nano.specs -mfloat-abi=soft -mthumb -o "Core/Src/freertos.o"
../Core/Src/freertos.c: In function 'golfinho_imu_timer_callback':
../Core/Src/freertos.c:1086:3: warning: implicit declaration of function 'clock_gettime' [-Wimplicit-function-declaration]
 1086 |   clock_gettime(CLOCK_REALTIME, &ts);
      |   ^~~~~~~~~~~~~
arm-none-eabi-gcc -o "data_velocity.elf" @"objects.list"  -lmicroros -mcpu=cortex-m3 -T"/home/robsic/STM32CubeIDE/data_aquisition_cart_golf/data_velocity/STM32F103RETX_FLASH.ld" --specs=nosys.specs -Wl,-Map="data_velocity.map" -Wl,--gc-sections -static -L"/home/robsic/STM32CubeIDE/data_aquisition_cart_golf/data_velocity/Debug/../micro_ros_stm32cubemx_utils/microros_static_library_ide/libmicroros" --specs=nano.specs -mfloat-abi=soft -mthumb -Wl,--start-group -lc -lm -Wl,--end-group
Finished building target: data_velocity.elf
 
arm-none-eabi-size   data_velocity.elf 
arm-none-eabi-objdump -h -S  data_velocity.elf  > "data_velocity.list"
arm-none-eabi-objcopy  -O binary  data_velocity.elf  "data_velocity.bin"
   text	   data	    bss	    dec	    hex	filename
 121828	    852	  61704	 184384	  2d040	data_velocity.elf
Finished building: default.size.stdout
 
Finished building: data_velocity.bin
 
Finished building: data_velocity.list
 
13:21:51 **** Incremental Build of configuration Debug for project data_velocity ****
make -j8 all 
docker run --rm -v "/home/robsic/STM32CubeIDE/data_aquisition_cart_golf/data_velocity":/project --env MICROROS_LIBRARY_FOLDER=micro_ros_stm32cubemx_utils/microros_static_library_ide microros/micro_ros_static_library_builder:foxy
micro-ROS library found. Skipping...
Delete micro_ros_stm32cubemx_utils/microros_static_library_ide/libmicroros/ for rebuild.
 
arm-none-eabi-gcc "../Core/Src/freertos.c" -mcpu=cortex-m3 -std=gnu11 -g3 -DDEBUG -DUSE_HAL_DRIVER -DSTM32F103xE -c -I../Core/Inc -I"/home/robsic/STM32CubeIDE/data_aquisition_cart_golf/data_velocity/Debug/../micro_ros_stm32cubemx_utils/microros_static_library_ide/libmicroros/include" -I../Drivers/STM32F1xx_HAL_Driver/Inc -I../Drivers/STM32F1xx_HAL_Driver/Inc/Legacy -I../Drivers/CMSIS/Device/ST/STM32F1xx/Include -I../Drivers/CMSIS/Include -I../Middlewares/Third_Party/FreeRTOS/Source/include -I../Middlewares/Third_Party/FreeRTOS/Source/CMSIS_RTOS_V2 -I../Middlewares/Third_Party/FreeRTOS/Source/portable/GCC/ARM_CM3 -O0 -ffunction-sections -fdata-sections -Wall -fstack-usage -MMD -MP -MF"Core/Src/freertos.d" -MT"Core/Src/freertos.o" --specs=nano.specs -mfloat-abi=soft -mthumb -o "Core/Src/freertos.o"
../Core/Src/freertos.c: In function 'golfinho_imu_timer_callback':
../Core/Src/freertos.c:1086:3: warning: implicit declaration of function 'clock_gettime' [-Wimplicit-function-declaration]
 1086 |   clock_gettime(CLOCK_REALTIME, &ts);
      |   ^~~~~~~~~~~~~
arm-none-eabi-gcc -o "data_velocity.elf" @"objects.list"  -lmicroros -mcpu=cortex-m3 -T"/home/robsic/STM32CubeIDE/data_aquisition_cart_golf/data_velocity/STM32F103RETX_FLASH.ld" --specs=nosys.specs -Wl,-Map="data_velocity.map" -Wl,--gc-sections -static -L"/home/robsic/STM32CubeIDE/data_aquisition_cart_golf/data_velocity/Debug/../micro_ros_stm32cubemx_utils/microros_static_library_ide/libmicroros" --specs=nano.specs -mfloat-abi=soft -mthumb -Wl,--start-group -lc -lm -Wl,--end-group
Finished building target: data_velocity.elf
 
arm-none-eabi-size   data_velocity.elf 
arm-none-eabi-objdump -h -S  data_velocity.elf  > "data_velocity.list"
arm-none-eabi-objcopy  -O binary  data_velocity.elf  "data_velocity.bin"
   text	   data	    bss	    dec	    hex	filename
 121844	    852	  61704	 184400	  2d050	data_velocity.elf
Finished building: default.size.stdout
 
Finished building: data_velocity.bin
 
Finished building: data_velocity.list
 
13:27:15 **** Incremental Build of configuration Debug for project data_velocity ****
make -j8 all 
docker run --rm -v "/home/robsic/STM32CubeIDE/data_aquisition_cart_golf/data_velocity":/project --env MICROROS_LIBRARY_FOLDER=micro_ros_stm32cubemx_utils/microros_static_library_ide microros/micro_ros_static_library_builder:foxy
micro-ROS library found. Skipping...
Delete micro_ros_stm32cubemx_utils/microros_static_library_ide/libmicroros/ for rebuild.
 
arm-none-eabi-gcc "../Core/Src/freertos.c" -mcpu=cortex-m3 -std=gnu11 -g3 -DDEBUG -DUSE_HAL_DRIVER -DSTM32F103xE -c -I../Core/Inc -I"/home/robsic/STM32CubeIDE/data_aquisition_cart_golf/data_velocity/Debug/../micro_ros_stm32cubemx_utils/microros_static_library_ide/libmicroros/include" -I../Drivers/STM32F1xx_HAL_Driver/Inc -I../Drivers/STM32F1xx_HAL_Driver/Inc/Legacy -I../Drivers/CMSIS/Device/ST/STM32F1xx/Include -I../Drivers/CMSIS/Include -I../Middlewares/Third_Party/FreeRTOS/Source/include -I../Middlewares/Third_Party/FreeRTOS/Source/CMSIS_RTOS_V2 -I../Middlewares/Third_Party/FreeRTOS/Source/portable/GCC/ARM_CM3 -O0 -ffunction-sections -fdata-sections -Wall -fstack-usage -MMD -MP -MF"Core/Src/freertos.d" -MT"Core/Src/freertos.o" --specs=nano.specs -mfloat-abi=soft -mthumb -o "Core/Src/freertos.o"
../Core/Src/freertos.c: In function 'golfinho_imu_timer_callback':
../Core/Src/freertos.c:1087:3: warning: implicit declaration of function 'clock_gettime' [-Wimplicit-function-declaration]
 1087 |   clock_gettime(CLOCK_REALTIME, &ts);
      |   ^~~~~~~~~~~~~
arm-none-eabi-gcc -o "data_velocity.elf" @"objects.list"  -lmicroros -mcpu=cortex-m3 -T"/home/robsic/STM32CubeIDE/data_aquisition_cart_golf/data_velocity/STM32F103RETX_FLASH.ld" --specs=nosys.specs -Wl,-Map="data_velocity.map" -Wl,--gc-sections -static -L"/home/robsic/STM32CubeIDE/data_aquisition_cart_golf/data_velocity/Debug/../micro_ros_stm32cubemx_utils/microros_static_library_ide/libmicroros" --specs=nano.specs -mfloat-abi=soft -mthumb -Wl,--start-group -lc -lm -Wl,--end-group
Finished building target: data_velocity.elf
 
arm-none-eabi-size   data_velocity.elf 
arm-none-eabi-objdump -h -S  data_velocity.elf  > "data_velocity.list"
arm-none-eabi-objcopy  -O binary  data_velocity.elf  "data_velocity.bin"
   text	   data	    bss	    dec	    hex	filename
 121828	    852	  61704	 184384	  2d040	data_velocity.elf
Finished building: default.size.stdout
 
Finished building: data_velocity.bin
 
Finished building: data_velocity.list
 
13:30:17 **** Incremental Build of configuration Debug for project data_velocity ****
make -j8 all 
docker run --rm -v "/home/robsic/STM32CubeIDE/data_aquisition_cart_golf/data_velocity":/project --env MICROROS_LIBRARY_FOLDER=micro_ros_stm32cubemx_utils/microros_static_library_ide microros/micro_ros_static_library_builder:foxy
micro-ROS library found. Skipping...
Delete micro_ros_stm32cubemx_utils/microros_static_library_ide/libmicroros/ for rebuild.
 
arm-none-eabi-gcc "../Core/Src/freertos.c" -mcpu=cortex-m3 -std=gnu11 -g3 -DDEBUG -DUSE_HAL_DRIVER -DSTM32F103xE -c -I../Core/Inc -I"/home/robsic/STM32CubeIDE/data_aquisition_cart_golf/data_velocity/Debug/../micro_ros_stm32cubemx_utils/microros_static_library_ide/libmicroros/include" -I../Drivers/STM32F1xx_HAL_Driver/Inc -I../Drivers/STM32F1xx_HAL_Driver/Inc/Legacy -I../Drivers/CMSIS/Device/ST/STM32F1xx/Include -I../Drivers/CMSIS/Include -I../Middlewares/Third_Party/FreeRTOS/Source/include -I../Middlewares/Third_Party/FreeRTOS/Source/CMSIS_RTOS_V2 -I../Middlewares/Third_Party/FreeRTOS/Source/portable/GCC/ARM_CM3 -O0 -ffunction-sections -fdata-sections -Wall -fstack-usage -MMD -MP -MF"Core/Src/freertos.d" -MT"Core/Src/freertos.o" --specs=nano.specs -mfloat-abi=soft -mthumb -o "Core/Src/freertos.o"
../Core/Src/freertos.c: In function 'golfinho_imu_timer_callback':
../Core/Src/freertos.c:1087:3: warning: implicit declaration of function 'clock_gettime' [-Wimplicit-function-declaration]
 1087 |   clock_gettime(CLOCK_REALTIME, &ts);
      |   ^~~~~~~~~~~~~
arm-none-eabi-gcc -o "data_velocity.elf" @"objects.list"  -lmicroros -mcpu=cortex-m3 -T"/home/robsic/STM32CubeIDE/data_aquisition_cart_golf/data_velocity/STM32F103RETX_FLASH.ld" --specs=nosys.specs -Wl,-Map="data_velocity.map" -Wl,--gc-sections -static -L"/home/robsic/STM32CubeIDE/data_aquisition_cart_golf/data_velocity/Debug/../micro_ros_stm32cubemx_utils/microros_static_library_ide/libmicroros" --specs=nano.specs -mfloat-abi=soft -mthumb -Wl,--start-group -lc -lm -Wl,--end-group
Finished building target: data_velocity.elf
 
arm-none-eabi-size   data_velocity.elf 
arm-none-eabi-objdump -h -S  data_velocity.elf  > "data_velocity.list"
arm-none-eabi-objcopy  -O binary  data_velocity.elf  "data_velocity.bin"
   text	   data	    bss	    dec	    hex	filename
 121812	    852	  61704	 184368	  2d030	data_velocity.elf
Finished building: default.size.stdout
 
Finished building: data_velocity.bin
 
Finished building: data_velocity.list
 
13:33:45 **** Incremental Build of configuration Debug for project data_velocity ****
make -j8 all 
docker run --rm -v "/home/robsic/STM32CubeIDE/data_aquisition_cart_golf/data_velocity":/project --env MICROROS_LIBRARY_FOLDER=micro_ros_stm32cubemx_utils/microros_static_library_ide microros/micro_ros_static_library_builder:foxy
micro-ROS library found. Skipping...
Delete micro_ros_stm32cubemx_utils/microros_static_library_ide/libmicroros/ for rebuild.
 
arm-none-eabi-gcc "../Core/Src/freertos.c" -mcpu=cortex-m3 -std=gnu11 -g3 -DDEBUG -DUSE_HAL_DRIVER -DSTM32F103xE -c -I../Core/Inc -I"/home/robsic/STM32CubeIDE/data_aquisition_cart_golf/data_velocity/Debug/../micro_ros_stm32cubemx_utils/microros_static_library_ide/libmicroros/include" -I../Drivers/STM32F1xx_HAL_Driver/Inc -I../Drivers/STM32F1xx_HAL_Driver/Inc/Legacy -I../Drivers/CMSIS/Device/ST/STM32F1xx/Include -I../Drivers/CMSIS/Include -I../Middlewares/Third_Party/FreeRTOS/Source/include -I../Middlewares/Third_Party/FreeRTOS/Source/CMSIS_RTOS_V2 -I../Middlewares/Third_Party/FreeRTOS/Source/portable/GCC/ARM_CM3 -O0 -ffunction-sections -fdata-sections -Wall -fstack-usage -MMD -MP -MF"Core/Src/freertos.d" -MT"Core/Src/freertos.o" --specs=nano.specs -mfloat-abi=soft -mthumb -o "Core/Src/freertos.o"
../Core/Src/freertos.c: In function 'golfinho_imu_timer_callback':
../Core/Src/freertos.c:1089:3: warning: implicit declaration of function 'clock_gettime' [-Wimplicit-function-declaration]
 1089 |   clock_gettime(CLOCK_REALTIME, &ts);
      |   ^~~~~~~~~~~~~
arm-none-eabi-gcc -o "data_velocity.elf" @"objects.list"  -lmicroros -mcpu=cortex-m3 -T"/home/robsic/STM32CubeIDE/data_aquisition_cart_golf/data_velocity/STM32F103RETX_FLASH.ld" --specs=nosys.specs -Wl,-Map="data_velocity.map" -Wl,--gc-sections -static -L"/home/robsic/STM32CubeIDE/data_aquisition_cart_golf/data_velocity/Debug/../micro_ros_stm32cubemx_utils/microros_static_library_ide/libmicroros" --specs=nano.specs -mfloat-abi=soft -mthumb -Wl,--start-group -lc -lm -Wl,--end-group
Finished building target: data_velocity.elf
 
arm-none-eabi-size   data_velocity.elf 
arm-none-eabi-objdump -h -S  data_velocity.elf  > "data_velocity.list"
arm-none-eabi-objcopy  -O binary  data_velocity.elf  "data_velocity.bin"
   text	   data	    bss	    dec	    hex	filename
 121860	    852	  61704	 184416	  2d060	data_velocity.elf
Finished building: default.size.stdout
 
Finished building: data_velocity.bin
 
Finished building: data_velocity.list
 
13:36:35 **** Incremental Build of configuration Debug for project data_velocity ****
make -j8 all 
docker run --rm -v "/home/robsic/STM32CubeIDE/data_aquisition_cart_golf/data_velocity":/project --env MICROROS_LIBRARY_FOLDER=micro_ros_stm32cubemx_utils/microros_static_library_ide microros/micro_ros_static_library_builder:foxy
micro-ROS library found. Skipping...
Delete micro_ros_stm32cubemx_utils/microros_static_library_ide/libmicroros/ for rebuild.
 
arm-none-eabi-size   data_velocity.elf 
   text	   data	    bss	    dec	    hex	filename
 121860	    852	  61704	 184416	  2d060	data_velocity.elf
Finished building: default.size.stdout
 
13:38:55 **** Incremental Build of configuration Debug for project data_velocity ****
make -j8 all 
docker run --rm -v "/home/robsic/STM32CubeIDE/data_aquisition_cart_golf/data_velocity":/project --env MICROROS_LIBRARY_FOLDER=micro_ros_stm32cubemx_utils/microros_static_library_ide microros/micro_ros_static_library_builder:foxy
micro-ROS library found. Skipping...
Delete micro_ros_stm32cubemx_utils/microros_static_library_ide/libmicroros/ for rebuild.
 
arm-none-eabi-size   data_velocity.elf 
   text	   data	    bss	    dec	    hex	filename
 121860	    852	  61704	 184416	  2d060	data_velocity.elf
Finished building: default.size.stdout
 
